Component: ARM Compiler 5.06 update 5 (build 528) Tool: armlink [4d35e2]

==============================================================================

Section Cross References

    main.o(i.main) refers to board.o(i.board_lowlevel_init) for board_lowlevel_init
    main.o(i.main) refers to led.o(i.led_init) for led_init
    main.o(i.main) refers to rtc.o(i.rtc_init) for rtc_init
    main.o(i.main) refers to timer.o(i.timer_init) for timer_init
    main.o(i.main) refers to timer.o(i.timer_elapsed_register) for timer_elapsed_register
    main.o(i.main) refers to timer.o(i.timer_start) for timer_start
    main.o(i.main) refers to mpu6050.o(i.mpu6050_init) for mpu6050_init
    main.o(i.main) refers to st7735.o(i.st7735_init) for st7735_init
    main.o(i.main) refers to st7735.o(i.st7735_fill_screen) for st7735_fill_screen
    main.o(i.main) refers to st7735.o(i.st7735_write_string) for st7735_write_string
    main.o(i.main) refers to delay.o(i.delay_ms) for delay_ms
    main.o(i.main) refers to esp_usart.o(i.esp_usart_init) for esp_usart_init
    main.o(i.main) refers to esp_usart.o(i.esp_usart_receive_register) for esp_usart_receive_register
    main.o(i.main) refers to rtc.o(i.rtc_get_date) for rtc_get_date
    main.o(i.main) refers to printfa.o(i.__0snprintf) for __2snprintf
    main.o(i.main) refers to rtc.o(i.rtc_set_timestamp) for rtc_set_timestamp
    main.o(i.main) refers to strcmp.o(.text) for strcmp
    main.o(i.main) refers to st7735.o(i.st7735_draw_image) for st7735_draw_image
    main.o(i.main) refers to mpu6050.o(i.mpu6050_read_temper) for mpu6050_read_temper
    main.o(i.main) refers to f2d.o(.text) for __aeabi_f2d
    main.o(i.main) refers to main.o(i.timer_elapsed_callback) for timer_elapsed_callback
    main.o(i.main) refers to stfonts.o(.data) for font_ascii_8x16
    main.o(i.main) refers to main.o(.data) for disp_height
    main.o(i.main) refers to main.o(i.on_serial_receive) for on_serial_receive
    main.o(i.main) refers to font_time_48.o(.data) for font_time_24x48
    main.o(i.main) refers to main.o(.bss) for new_weather
    main.o(i.main) refers to icon_weather_duoyun.o(.constdata) for icon_weather_duoyun
    main.o(i.main) refers to icon_weather_feng.o(.constdata) for icon_weather_feng
    main.o(i.main) refers to icon_weather_qing.o(.constdata) for icon_weather_qing
    main.o(i.main) refers to icon_weather_xue.o(.constdata) for icon_weather_xue
    main.o(i.main) refers to icon_weather_yin.o(.constdata) for icon_weather_yin
    main.o(i.main) refers to icon_weather_yu.o(.constdata) for icon_weather_yu
    main.o(i.main) refers to font_temper_32.o(.data) for font_temper_16x32
    main.o(i.on_serial_receive) refers to _scanf_int.o(.text) for _scanf_int
    main.o(i.on_serial_receive) refers to atoi.o(.text) for atoi
    main.o(i.on_serial_receive) refers to strstr.o(.text) for strstr
    main.o(i.on_serial_receive) refers to weather.o(i.weather_parse) for weather_parse
    main.o(i.on_serial_receive) refers to __0sscanf.o(.text) for __0sscanf
    main.o(i.on_serial_receive) refers to rtc.o(i.rtc_set_date) for rtc_set_date
    main.o(i.on_serial_receive) refers to strchr.o(.text) for strchr
    main.o(i.on_serial_receive) refers to strncpy.o(.text) for strncpy
    main.o(i.on_serial_receive) refers to main.o(.bss) for rx_buf
    main.o(i.on_serial_receive) refers to main.o(.data) for rx_len
    main.o(i.timer_elapsed_callback) refers to main.o(.data) for runms
    board.o(i.board_lowlevel_init) refers to stm32f10x_rcc.o(i.RCC_APB2PeriphClockCmd) for RCC_APB2PeriphClockCmd
    board.o(i.board_lowlevel_init) refers to stm32f10x_rcc.o(i.RCC_APB1PeriphClockCmd) for RCC_APB1PeriphClockCmd
    board.o(i.board_lowlevel_init) refers to stm32f10x_rcc.o(i.RCC_AHBPeriphClockCmd) for RCC_AHBPeriphClockCmd
    board.o(i.board_lowlevel_init) refers to stm32f10x_pwr.o(i.PWR_BackupAccessCmd) for PWR_BackupAccessCmd
    board.o(i.board_lowlevel_init) refers to stm32f10x_bkp.o(i.BKP_DeInit) for BKP_DeInit
    board.o(i.board_lowlevel_init) refers to stm32f10x_rcc.o(i.RCC_LSEConfig) for RCC_LSEConfig
    board.o(i.board_lowlevel_init) refers to stm32f10x_rcc.o(i.RCC_GetFlagStatus) for RCC_GetFlagStatus
    delay.o(i.delay_ms) refers to delay.o(i.delay_us) for delay_us
    delay.o(i.delay_us) refers to system_stm32f10x.o(.data) for SystemCoreClock
    weather.o(i.weather_parse) refers to strstr.o(.text) for strstr
    weather.o(i.weather_parse) refers to strchr.o(.text) for strchr
    weather.o(i.weather_parse) refers to strncpy.o(.text) for strncpy
    font_temper_32.o(.data) refers to font_temper_32.o(.constdata) for font_temper_16x32_data
    font_time_48.o(.data) refers to font_time_48.o(.constdata) for font_time_24x48_data
    led.o(i.led_init) refers to stm32f10x_gpio.o(i.GPIO_Init) for GPIO_Init
    led.o(i.led_init) refers to stm32f10x_gpio.o(i.GPIO_SetBits) for GPIO_SetBits
    led.o(i.led_off) refers to led.o(i.led_set) for led_set
    led.o(i.led_on) refers to led.o(i.led_set) for led_set
[...]
    ../clib/microlib/ctype/ctype.c           0x00000000   Number         0  isupper_o.o ABSOLUTE
    ../clib/microlib/ctype/ctype.c           0x00000000   Number         0  isalpha_o.o ABSOLUTE
    ../clib/microlib/ctype/ctype.c           0x00000000   Number         0  isspace_o.o ABSOLUTE
    ../clib/microlib/ctype/ctype.c           0x00000000   Number         0  isalnum_o.o ABSOLUTE
    ../clib/microlib/ctype/ctype.c           0x00000000   Number         0  ispunct_o.o ABSOLUTE
    ../clib/microlib/division.c              0x00000000   Number         0  uidiv.o ABSOLUTE
    ../clib/microlib/division.c              0x00000000   Number         0  uldiv.o ABSOLUTE
    ../clib/microlib/errno.c                 0x00000000   Number         0  errno.o ABSOLUTE
    ../clib/microlib/init/entry.s            0x00000000   Number         0  entry10a.o ABSOLUTE
    ../clib/microlib/init/entry.s            0x00000000   Number         0  entry8a.o ABSOLUTE
    ../clib/microlib/init/entry.s            0x00000000   Number         0  entry10b.o ABSOLUTE
    ../clib/microlib/init/entry.s            0x00000000   Number         0  entry9a.o ABSOLUTE
    ../clib/microlib/init/entry.s            0x00000000   Number         0  entry.o ABSOLUTE
    ../clib/microlib/init/entry.s            0x00000000   Number         0  entry11a.o ABSOLUTE
    ../clib/microlib/init/entry.s            0x00000000   Number         0  entry11b.o ABSOLUTE
    ../clib/microlib/init/entry.s            0x00000000   Number         0  entry9b.o ABSOLUTE
    ../clib/microlib/init/entry.s            0x00000000   Number         0  entry8b.o ABSOLUTE
    ../clib/microlib/init/entry.s            0x00000000   Number         0  entry7b.o ABSOLUTE
    ../clib/microlib/init/entry.s            0x00000000   Number         0  entry7a.o ABSOLUTE
    ../clib/microlib/init/entry.s            0x00000000   Number         0  entry5.o ABSOLUTE
    ../clib/microlib/init/entry.s            0x00000000   Number         0  entry2.o ABSOLUTE
    ../clib/microlib/longlong.c              0x00000000   Number         0  llsshr.o ABSOLUTE
    ../clib/microlib/longlong.c              0x00000000   Number         0  llushr.o ABSOLUTE
    ../clib/microlib/longlong.c              0x00000000   Number         0  llshl.o ABSOLUTE
    ../clib/microlib/printf/printf.c         0x00000000   Number         0  printf0.o ABSOLUTE
    ../clib/microlib/printf/printf.c         0x00000000   Number         0  printf1.o ABSOLUTE
    ../clib/microlib/printf/printf.c         0x00000000   Number         0  printfb.o ABSOLUTE
    ../clib/microlib/printf/printf.c         0x00000000   Number         0  printf2.o ABSOLUTE
    ../clib/microlib/printf/printf.c         0x00000000   Number         0  printf6.o ABSOLUTE
    ../clib/microlib/printf/printf.c         0x00000000   Number         0  printf3.o ABSOLUTE
    ../clib/microlib/printf/printf.c         0x00000000   Number         0  printf8.o ABSOLUTE
    ../clib/microlib/printf/printf.c         0x00000000   Number         0  printf4.o ABSOLUTE
    ../clib/microlib/printf/printf.c         0x00000000   Number         0  printf7.o ABSOLUTE
    ../clib/microlib/printf/printf.c         0x00000000   Number         0  printfa.o ABSOLUTE
    ../clib/microlib/printf/printf.c         0x00000000   Number         0  printf5.o ABSOLUTE
    ../clib/microlib/printf/stubs.s          0x00000000   Number         0  stubs.o ABSOLUTE
    ../clib/microlib/stdio/streams.c         0x00000000   Number         0  stdout.o ABSOLUTE
    ../clib/microlib/string/memcpy.c         0x00000000   Number         0  memcpyb.o ABSOLUTE
    ../clib/microlib/string/memcpy.c         0x00000000   Number         0  memcpya.o ABSOLUTE
    ../clib/microlib/string/strchr.c         0x00000000   Number         0  strchr.o ABSOLUTE
    ../clib/microlib/string/strcmp.c         0x00000000   Number         0  strcmp.o ABSOLUTE
    ../clib/microlib/string/strlen.c         0x00000000   Number         0  strlen.o ABSOLUTE
    ../clib/microlib/string/strncpy.c        0x00000000   Number         0  strncpy.o ABSOLUTE
    ../clib/microlib/string/strstr.c         0x00000000   Number         0  strstr.o ABSOLUTE
    ../clib/microlib/stubs.s                 0x00000000   Number         0  iusefp.o ABSOLUTE
    ../clib/scanf.c                          0x00000000   Number         0  atoi.o ABSOLUTE
    ../clib/scanf.c                          0x00000000   Number         0  _scanf.o ABSOLUTE
    ../clib/scanf.c                          0x00000000   Number         0  _strtoul.o ABSOLUTE
    ../clib/scanf.c                          0x00000000   Number         0  scanf_char.o ABSOLUTE
    ../clib/scanf.c                          0x00000000   Number         0  _chval.o ABSOLUTE
    ../clib/scanf.c                          0x00000000   Number         0  _scanf_int.o ABSOLUTE
    ../clib/scanf.c                          0x00000000   Number         0  _sgetc.o ABSOLUTE
    ../clib/scanf.c                          0x00000000   Number         0  strtol.o ABSOLUTE
    ../clib/scanf.c                          0x00000000   Number         0  __0sscanf.o ABSOLUTE
    ../fplib/microlib/f2d.c                  0x00000000   Number         0  f2d.o ABSOLUTE
    ../fplib/microlib/fpadd.c                0x00000000   Number         0  fadd.o ABSOLUTE
    ../fplib/microlib/fpadd.c                0x00000000   Number         0  dadd.o ABSOLUTE
    ../fplib/microlib/fpdiv.c                0x00000000   Number         0  fdiv.o ABSOLUTE
    ../fplib/microlib/fpdiv.c                0x00000000   Number         0  ddiv.o ABSOLUTE
    ../fplib/microlib/fpepilogue.c           0x00000000   Number         0  fepilogue.o ABSOLUTE
    ../fplib/microlib/fpepilogue.c           0x00000000   Number         0  depilogue.o ABSOLUTE
    ../fplib/microlib/fpfix.c                0x00000000   Number         0  dfixul.o ABSOLUTE
    ../fplib/microlib/fpflt.c                0x00000000   Number         0  fflti.o ABSOLUTE
    ../fplib/microlib/fpmul.c                0x00000000   Number         0  dmul.o ABSOLUTE
    ..\\firmware\\cmsis\\core\\core_cm3.c    0x00000000   Number         0  core_cm3.o ABSOLUTE
    ..\app\board.c                           0x00000000   Number         0  board.o ABSOLUTE
    ..\app\delay.c                           0x00000000   Number         0  delay.o ABSOLUTE
    ..\app\font_temper_32.c                  0x00000000   Number         0  font_temper_32.o ABSOLUTE
    ..\app\font_time_48.c                    0x00000000   Number         0  font_time_48.o ABSOLUTE
    ..\app\icon\icon_weather_duoyun.c        0x00000000   Number         0  icon_weather_duoyun.o ABSOLUTE
    ..\app\icon\icon_weather_feng.c          0x00000000   Number         0  icon_weather_feng.o ABSOLUTE
    ..\app\icon\icon_weather_qing.c          0x00000000   Number         0  icon_weather_qing.o ABSOLUTE
    ..\app\icon\icon_weather_xue.c           0x00000000   Number         0  icon_weather_xue.o ABSOLUTE
    ..\app\icon\icon_weather_yin.c           0x00000000   Number         0  icon_weather_yin.o ABSOLUTE
    ..\app\icon\icon_weather_yu.c            0x00000000   Number         0  icon_weather_yu.o ABSOLUTE
    ..\app\main.c                            0x00000000   Number         0  main.o ABSOLUTE
    ..\app\weather.c                         0x00000000   Number         0  weather.o ABSOLUTE
    ..\driver\Serial.c                       0x00000000   Number         0  serial.o ABSOLUTE
    ..\driver\esp-at\esp_at.c                0x00000000   Number         0  esp_at.o ABSOLUTE
    ..\driver\esp-at\esp_usart.c             0x00000000   Number         0  esp_usart.o ABSOLUTE
    ..\driver\led.c                          0x00000000   Number         0  led.o ABSOLUTE
    ..\driver\mpu6050\mpu6050.c              0x00000000   Number         0  mpu6050.o ABSOLUTE
    ..\driver\mpu6050\swi2c.c                0x00000000   Number         0  swi2c.o ABSOLUTE
    ..\driver\rtc.c                          0x00000000   Number         0  rtc.o ABSOLUTE
    ..\driver\st7735\lcd_spi.c               0x00000000   Number         0  lcd_spi.o ABSOLUTE
    ..\driver\st7735\st7735.c                0x00000000   Number         0  st7735.o ABSOLUTE
    ..\driver\st7735\stfonts.c               0x00000000   Number         0  stfonts.o ABSOLUTE
    ..\driver\timer.c                        0x00000000   Number         0  timer.o ABSOLUTE
    ..\firmware\cmsis\core\core_cm3.c        0x00000000   Number         0  core_cm3.o ABSOLUTE
    ..\firmware\cmsis\device\startup_stm32f10x_md.s 0x00000000   Number         0  startup_stm32f10x_md.o ABSOLUTE
    ..\firmware\cmsis\device\system_stm32f10x.c 0x00000000   Number         0  system_stm32f10x.o ABSOLUTE
    ..\firmware\driver\src\misc.c            0x00000000   Number         0  misc.o ABSOLUTE
    ..\firmware\driver\src\stm32f10x_adc.c   0x00000000   Number         0  stm32f10x_adc.o ABSOLUTE
    ..\firmware\driver\src\stm32f10x_bkp.c   0x00000000   Number         0  stm32f10x_bkp.o ABSOLUTE
    ..\firmware\driver\src\stm32f10x_can.c   0x00000000   Number         0  stm32f10x_can.o ABSOLUTE
    ..\firmware\driver\src\stm32f10x_cec.c   0x00000000   Number         0  stm32f10x_cec.o ABSOLUTE
    ..\firmware\driver\src\stm32f10x_crc.c   0x00000000   Number         0  stm32f10x_crc.o ABSOLUTE
    ..\firmware\driver\src\stm32f10x_dac.c   0x00000000   Number         0  stm32f10x_dac.o ABSOLUTE
    ..\firmware\driver\src\stm32f10x_dbgmcu.c 0x00000000   Number         0  stm32f10x_dbgmcu.o ABSOLUTE
    ..\firmware\driver\src\stm32f10x_dma.c   0x00000000   Number         0  stm32f10x_dma.o ABSOLUTE
    ..\firmware\driver\src\stm32f10x_exti.c  0x00000000   Number         0  stm32f10x_exti.o ABSOLUTE
    ..\firmware\driver\src\stm32f10x_flash.c 0x00000000   Number         0  stm32f10x_flash.o ABSOLUTE
    ..\firmware\driver\src\stm32f10x_fsmc.c  0x00000000   Number         0  stm32f10x_fsmc.o ABSOLUTE
    ..\firmware\driver\src\stm32f10x_gpio.c  0x00000000   Number         0  stm32f10x_gpio.o ABSOLUTE
    ..\firmware\driver\src\stm32f10x_i2c.c   0x00000000   Number         0  stm32f10x_i2c.o ABSOLUTE
    ..\firmware\driver\src\stm32f10x_iwdg.c  0x00000000   Number         0  stm32f10x_iwdg.o ABSOLUTE
    ..\firmware\driver\src\stm32f10x_pwr.c   0x00000000   Number         0  stm32f10x_pwr.o ABSOLUTE
    ..\firmware\driver\src\stm32f10x_rcc.c   0x00000000   Number         0  stm32f10x_rcc.o ABSOLUTE
    ..\firmware\driver\src\stm32f10x_rtc.c   0x00000000   Number         0  stm32f10x_rtc.o ABSOLUTE
    ..\firmware\driver\src\stm32f10x_sdio.c  0x00000000   Number         0  stm32f10x_sdio.o ABSOLUTE
    ..\firmware\driver\src\stm32f10x_spi.c   0x00000000   Number         0  stm32f10x_spi.o ABSOLUTE
    ..\firmware\driver\src\stm32f10x_tim.c   0x00000000   Number         0  stm32f10x_tim.o ABSOLUTE
    ..\firmware\driver\src\stm32f10x_usart.c 0x00000000   Number         0  stm32f10x_usart.o ABSOLUTE
    ..\firmware\driver\src\stm32f10x_wwdg.c  0x00000000   Number         0  stm32f10x_wwdg.o ABSOLUTE
    cdrcmple.s                               0x00000000   Number         0  cdrcmple.o ABSOLUTE
    dc.s                                     0x00000000   Number         0  dc.o ABSOLUTE
    handlers.s                               0x00000000   Number         0  handlers.o ABSOLUTE
    init.s                                   0x00000000   Number         0  init.o ABSOLUTE
    RESET                                    0x08000000   Section      236  startup_stm32f10x_md.o(RESET)
    .ARM.Collect$$$$00000000                 0x080000ec   Section        0  entry.o(.ARM.Collect$$$$00000000)
    .ARM.Collect$$$$00000001                 0x080000ec   Section        4  entry2.o(.ARM.Collect$$$$00000001)
    .ARM.Collect$$$$00000004                 0x080000f0   Section        4  entry5.o(.ARM.Collect$$$$00000004)
    .ARM.Collect$$$$00000008                 0x080000f4   Section        0  entry7b.o(.ARM.Collect$$$$00000008)
    .ARM.Collect$$$$0000000A                 0x080000f4   Section        0  entry8b.o(.ARM.Collect$$$$0000000A)
    .ARM.Collect$$$$0000000B                 0x080000f4   Section        8  entry9a.o(.ARM.Collect$$$$0000000B)
    .ARM.Collect$$$$0000000D                 0x080000fc   Section        0  entry10a.o(.ARM.Collect$$$$0000000D)
    .ARM.Collect$$$$0000000F                 0x080000fc   Section        0  entry11a.o(.ARM.Collect$$$$0000000F)
    .ARM.Collect$$$$00002712                 0x080000fc   Section        4  entry2.o(.ARM.Collect$$$$00002712)
    __lit__00000000                          0x080000fc   Data           4  entry2.o(.ARM.Collect$$$$00002712)
    .text                                    0x08000100   Section       36  startup_stm32f10x_md.o(.text)
    .text                                    0x08000124   Section        0  memcpya.o(.text)
    .text                                    0x08000148   Section        0  strstr.o(.text)
    .text                                    0x0800016c   Section        0  strncpy.o(.text)
    .text                                    0x08000184   Section        0  strchr.o(.text)
    .text                                    0x08000198   Section        0  strcmp.o(.text)
    .text                                    0x080001b4   Section        0  __0sscanf.o(.text)
    .text                                    0x080001ec   Section        0  _scanf_int.o(.text)
    .text                                    0x08000338   Section        0  atoi.o(.text)
    .text                                    0x08000352   Section        0  fadd.o(.text)
    .text                                    0x08000402   Section        0  fdiv.o(.text)
    .text                                    0x0800047e   Section        0  fflti.o(.text)
    .text                                    0x08000490   Section        0  f2d.o(.text)
    .text                                    0x080004b6   Section        0  uidiv.o(.text)
    .text                                    0x080004e2   Section        0  uldiv.o(.text)
    .text                                    0x08000544   Section        0  _chval.o(.text)
    .text                                    0x08000560   Section        0  scanf_char.o(.text)
    _scanf_char_input                        0x08000561   Thumb Code    12  scanf_char.o(.text)
    .text                                    0x08000588   Section        0  _sgetc.o(.text)
    .text                                    0x080005c8   Section        0  strtol.o(.text)
    .text                                    0x08000638   Section        0  iusefp.o(.text)
    .text                                    0x08000638   Section        0  fepilogue.o(.text)
    .text                                    0x080006a6   Section        0  dadd.o(.text)
    .text                                    0x080007f4   Section        0  dmul.o(.text)
    .text                                    0x080008d8   Section        0  ddiv.o(.text)
    .text                                    0x080009b6   Section        0  dfixul.o(.text)
    .text                                    0x080009e8   Section       48  cdrcmple.o(.text)
    .text                                    0x08000a18   Section       36  init.o(.text)
    .text                                    0x08000a3c   Section        0  llshl.o(.text)
    .text                                    0x08000a5a   Section        0  llushr.o(.text)
    .text                                    0x08000a7a   Section        0  llsshr.o(.text)
    .text                                    0x08000aa0   Section        0  ctype_o.o(.text)
    .text                                    0x08000aa8   Section        0  isspace_o.o(.text)
    .text                                    0x08000abc   Section        0  _scanf.o(.text)
    .text                                    0x08000de8   Section        0  _strtoul.o(.text)
    .text                                    0x08000e86   Section        0  depilogue.o(.text)
    i.BKP_DeInit                             0x08000f40   Section        0  stm32f10x_bkp.o(i.BKP_DeInit)
    i.DMA1_Channel3_IRQHandler               0x08000f50   Section        0  lcd_spi.o(i.DMA1_Channel3_IRQHandler)
    i.DMA_ClearITPendingBit                  0x08000f8c   Section        0  stm32f10x_dma.o(i.DMA_ClearITPendingBit)
    i.DMA_Cmd                                0x08000fa8   Section        0  stm32f10x_dma.o(i.DMA_Cmd)
    i.DMA_DeInit                             0x08000fc0   Section        0  stm32f10x_dma.o(i.DMA_DeInit)
    i.DMA_GetITStatus                        0x0800110c   Section        0  stm32f10x_dma.o(i.DMA_GetITStatus)
    i.DMA_ITConfig                           0x08001138   Section        0  stm32f10x_dma.o(i.DMA_ITConfig)
    i.DMA_Init                               0x0800114a   Section        0  stm32f10x_dma.o(i.DMA_Init)
    i.GPIO_Init                              0x08001186   Section        0  stm32f10x_gpio.o(i.GPIO_Init)
    i.GPIO_ReadInputDataBit                  0x0800129c   Section        0  stm32f10x_gpio.o(i.GPIO_ReadInputDataBit)
    i.GPIO_ResetBits                         0x080012ae   Section        0  stm32f10x_gpio.o(i.GPIO_ResetBits)
    i.GPIO_SetBits                           0x080012b2   Section        0  stm32f10x_gpio.o(i.GPIO_SetBits)
    i.GPIO_WriteBit                          0x080012b6   Section        0  stm32f10x_gpio.o(i.GPIO_WriteBit)
    i.NVIC_Init                              0x080012c0   Section        0  misc.o(i.NVIC_Init)
    i.PWR_BackupAccessCmd                    0x08001330   Section        0  stm32f10x_pwr.o(i.PWR_BackupAccessCmd)
    i.RCC_AHBPeriphClockCmd                  0x0800133c   Section        0  stm32f10x_rcc.o(i.RCC_AHBPeriphClockCmd)
    i.RCC_APB1PeriphClockCmd                 0x0800135c   Section        0  stm32f10x_rcc.o(i.RCC_APB1PeriphClockCmd)
    i.RCC_APB2PeriphClockCmd                 0x0800137c   Section        0  stm32f10x_rcc.o(i.RCC_APB2PeriphClockCmd)
    i.RCC_BackupResetCmd                     0x0800139c   Section        0  stm32f10x_rcc.o(i.RCC_BackupResetCmd)
    i.RCC_GetClocksFreq                      0x080013a8   Section        0  stm32f10x_rcc.o(i.RCC_GetClocksFreq)
    i.RCC_GetFlagStatus                      0x0800147c   Section        0  stm32f10x_rcc.o(i.RCC_GetFlagStatus)
    i.RCC_LSEConfig                          0x080014b8   Section        0  stm32f10x_rcc.o(i.RCC_LSEConfig)
    i.RCC_LSICmd                             0x080014ec   Section        0  stm32f10x_rcc.o(i.RCC_LSICmd)
    i.RCC_RTCCLKCmd                          0x080014f8   Section        0  stm32f10x_rcc.o(i.RCC_RTCCLKCmd)
    i.RCC_RTCCLKConfig                       0x08001504   Section        0  stm32f10x_rcc.o(i.RCC_RTCCLKConfig)
    i.RTC_EnterConfigMode                    0x08001514   Section        0  stm32f10x_rtc.o(i.RTC_EnterConfigMode)
    i.RTC_ExitConfigMode                     0x08001528   Section        0  stm32f10x_rtc.o(i.RTC_ExitConfigMode)
    i.RTC_GetCounter                         0x0800153c   Section        0  stm32f10x_rtc.o(i.RTC_GetCounter)
    i.RTC_SetCounter                         0x08001568   Section        0  stm32f10x_rtc.o(i.RTC_SetCounter)
    i.RTC_SetPrescaler                       0x08001584   Section        0  stm32f10x_rtc.o(i.RTC_SetPrescaler)
    i.RTC_WaitForLastTask                    0x080015a4   Section        0  stm32f10x_rtc.o(i.RTC_WaitForLastTask)
    i.RTC_WaitForSynchro                     0x080015b8   Section        0  stm32f10x_rtc.o(i.RTC_WaitForSynchro)
    i.SPI_Cmd                                0x080015dc   Section        0  stm32f10x_spi.o(i.SPI_Cmd)
    i.SPI_I2S_DMACmd                         0x080015f4   Section        0  stm32f10x_spi.o(i.SPI_I2S_DMACmd)
    i.SPI_I2S_GetFlagStatus                  0x08001606   Section        0  stm32f10x_spi.o(i.SPI_I2S_GetFlagStatus)
    i.SPI_I2S_SendData                       0x08001618   Section        0  stm32f10x_spi.o(i.SPI_I2S_SendData)
    i.SPI_Init                               0x0800161c   Section        0  stm32f10x_spi.o(i.SPI_Init)
    i.SetSysClock                            0x08001658   Section        0  system_stm32f10x.o(i.SetSysClock)
    SetSysClock                              0x08001659   Thumb Code     8  system_stm32f10x.o(i.SetSysClock)
    i.SetSysClockTo72                        0x08001660   Section        0  system_stm32f10x.o(i.SetSysClockTo72)
    SetSysClockTo72                          0x08001661   Thumb Code   214  system_stm32f10x.o(i.SetSysClockTo72)
    i.SystemInit                             0x08001740   Section        0  system_stm32f10x.o(i.SystemInit)
    i.TIM2_IRQHandler                        0x080017a0   Section        0  timer.o(i.TIM2_IRQHandler)
    i.TIM_ClearITPendingBit                  0x080017c8   Section        0  stm32f10x_tim.o(i.TIM_ClearITPendingBit)
    i.TIM_Cmd                                0x080017ce   Section        0  stm32f10x_tim.o(i.TIM_Cmd)
    i.TIM_GetITStatus                        0x080017e6   Section        0  stm32f10x_tim.o(i.TIM_GetITStatus)
    i.TIM_ITConfig                           0x08001808   Section        0  stm32f10x_tim.o(i.TIM_ITConfig)
    i.TIM_TimeBaseInit                       0x0800181c   Section        0  stm32f10x_tim.o(i.TIM_TimeBaseInit)
    i.USART1_IRQHandler                      0x080018c0   Section        0  serial.o(i.USART1_IRQHandler)
    i.USART2_IRQHandler                      0x08001960   Section        0  esp_usart.o(i.USART2_IRQHandler)
    i.USART_ClearITPendingBit                0x08001994   Section        0  stm32f10x_usart.o(i.USART_ClearITPendingBit)
    i.USART_Cmd                              0x080019b2   Section        0  stm32f10x_usart.o(i.USART_Cmd)
    i.USART_GetITStatus                      0x080019ca   Section        0  stm32f10x_usart.o(i.USART_GetITStatus)
    i.USART_ITConfig                         0x08001a1e   Section        0  stm32f10x_usart.o(i.USART_ITConfig)
    i.USART_Init                             0x08001a68   Section        0  stm32f10x_usart.o(i.USART_Init)
    i.USART_ReceiveData                      0x08001b40   Section        0  stm32f10x_usart.o(i.USART_ReceiveData)
    i.__0snprintf                            0x08001b4c   Section        0  printfa.o(i.__0snprintf)
    i.__aeabi_errno_addr                     0x08001b7c   Section        0  errno.o(i.__aeabi_errno_addr)
    i.__scatterload_copy                     0x08001b84   Section       14  handlers.o(i.__scatterload_copy)
    i.__scatterload_null                     0x08001b92   Section        2  handlers.o(i.__scatterload_null)
    i.__scatterload_zeroinit                 0x08001b94   Section       14  handlers.o(i.__scatterload_zeroinit)
    i._fp_digits                             0x08001ba4   Section        0  printfa.o(i._fp_digits)
    _fp_digits                               0x08001ba5   Thumb Code   366  printfa.o(i._fp_digits)
    i._printf_core                           0x08001d28   Section        0  printfa.o(i._printf_core)
    _printf_core                             0x08001d29   Thumb Code  1744  printfa.o(i._printf_core)
    i._printf_post_padding                   0x08002404   Section        0  printfa.o(i._printf_post_padding)
    _printf_post_padding                     0x08002405   Thumb Code    36  printfa.o(i._printf_post_padding)
    i._printf_pre_padding                    0x08002428   Section        0  printfa.o(i._printf_pre_padding)
    _printf_pre_padding                      0x08002429   Thumb Code    46  printfa.o(i._printf_pre_padding)
    i._snputc                                0x08002456   Section        0  printfa.o(i._snputc)
    _snputc                                  0x08002457   Thumb Code    22  printfa.o(i._snputc)
    i.board_lowlevel_init                    0x0800246c   Section        0  board.o(i.board_lowlevel_init)
    i.date_to_ts                             0x080024ec   Section        0  rtc.o(i.date_to_ts)
    i.date_validate                          0x08002580   Section        0  rtc.o(i.date_validate)
    date_validate                            0x08002581   Thumb Code    92  rtc.o(i.date_validate)
    i.delay_ms                               0x080025dc   Section        0  delay.o(i.delay_ms)
    i.delay_us                               0x080025f4   Section        0  delay.o(i.delay_us)
    i.esp_usart_init                         0x08002634   Section        0  esp_usart.o(i.esp_usart_init)
    i.esp_usart_receive_register             0x080026d0   Section        0  esp_usart.o(i.esp_usart_receive_register)
    i.i2c_delay                              0x080026dc   Section        0  swi2c.o(i.i2c_delay)
    i2c_delay                                0x080026dd   Thumb Code    10  swi2c.o(i.i2c_delay)
    i.i2c_io_init                            0x080026e8   Section        0  swi2c.o(i.i2c_io_init)
    i2c_io_init                              0x080026e9   Thumb Code    56  swi2c.o(i.i2c_io_init)
    i.i2c_read_byte                          0x08002724   Section        0  swi2c.o(i.i2c_read_byte)
    i2c_read_byte                            0x08002725   Thumb Code   128  swi2c.o(i.i2c_read_byte)
    i.i2c_start                              0x080027a8   Section        0  swi2c.o(i.i2c_start)
    i2c_start                                0x080027a9   Thumb Code    44  swi2c.o(i.i2c_start)
    i.i2c_stop                               0x080027d8   Section        0  swi2c.o(i.i2c_stop)
    i2c_stop                                 0x080027d9   Thumb Code    40  swi2c.o(i.i2c_stop)
    i.i2c_write_byte                         0x08002804   Section        0  swi2c.o(i.i2c_write_byte)
    i2c_write_byte                           0x08002805   Thumb Code   130  swi2c.o(i.i2c_write_byte)
    i.lcd_spi_gpio_init                      0x0800288c   Section        0  lcd_spi.o(i.lcd_spi_gpio_init)
    lcd_spi_gpio_init                        0x0800288d   Thumb Code    76  lcd_spi.o(i.lcd_spi_gpio_init)
    i.lcd_spi_init                           0x080028dc   Section        0  lcd_spi.o(i.lcd_spi_init)
    i.lcd_spi_lowlevel_init                  0x080028ec   Section        0  lcd_spi.o(i.lcd_spi_lowlevel_init)
    lcd_spi_lowlevel_init                    0x080028ed   Thumb Code    86  lcd_spi.o(i.lcd_spi_lowlevel_init)
    i.lcd_spi_nvic_init                      0x08002948   Section        0  lcd_spi.o(i.lcd_spi_nvic_init)
    lcd_spi_nvic_init                        0x08002949   Thumb Code    34  lcd_spi.o(i.lcd_spi_nvic_init)
    i.lcd_spi_send_finish_register           0x0800296c   Section        0  lcd_spi.o(i.lcd_spi_send_finish_register)
    i.lcd_spi_write                          0x08002978   Section        0  lcd_spi.o(i.lcd_spi_write)
    i.lcd_spi_write_async                    0x080029b4   Section        0  lcd_spi.o(i.lcd_spi_write_async)
    i.led_init                               0x08002a10   Section        0  led.o(i.led_init)
    i.main                                   0x08002a3c   Section        0  main.o(i.main)
    i.mpu6050_init                           0x08002da0   Section        0  mpu6050.o(i.mpu6050_init)
    i.mpu6050_read_temper                    0x08002e08   Section        0  mpu6050.o(i.mpu6050_read_temper)
    i.on_serial_receive                      0x08002e44   Section        0  main.o(i.on_serial_receive)
    on_serial_receive                        0x08002e45   Thumb Code   282  main.o(i.on_serial_receive)
    i.rtc_get_date                           0x08002fb4   Section        0  rtc.o(i.rtc_get_date)
    i.rtc_init                               0x08002fca   Section        0  rtc.o(i.rtc_init)
    i.rtc_set_date                           0x08003022   Section        0  rtc.o(i.rtc_set_date)
    i.rtc_set_timestamp                      0x0800304a   Section        0  rtc.o(i.rtc_set_timestamp)
    i.spi_on_async_finish                    0x08003060   Section        0  st7735.o(i.spi_on_async_finish)
    spi_on_async_finish                      0x08003061   Thumb Code     8  st7735.o(i.spi_on_async_finish)
    i.st7735_bl_on                           0x0800306c   Section        0  st7735.o(i.st7735_bl_on)
    st7735_bl_on                             0x0800306d   Thumb Code    14  st7735.o(i.st7735_bl_on)
    i.st7735_draw_image                      0x08003080   Section        0  st7735.o(i.st7735_draw_image)
    i.st7735_exec_cmds                       0x080030e8   Section        0  st7735.o(i.st7735_exec_cmds)
    st7735_exec_cmds                         0x080030e9   Thumb Code    64  st7735.o(i.st7735_exec_cmds)
    i.st7735_fill_rect                       0x08003128   Section        0  st7735.o(i.st7735_fill_rect)
    i.st7735_fill_screen                     0x080031f4   Section        0  st7735.o(i.st7735_fill_screen)
    i.st7735_find_font                       0x08003208   Section        0  st7735.o(i.st7735_find_font)
    st7735_find_font                         0x08003209   Thumb Code    56  st7735.o(i.st7735_find_font)
    i.st7735_init                            0x08003240   Section        0  st7735.o(i.st7735_init)
    i.st7735_pin_init                        0x08003270   Section        0  st7735.o(i.st7735_pin_init)
    st7735_pin_init                          0x08003271   Thumb Code   116  st7735.o(i.st7735_pin_init)
    i.st7735_reset                           0x080032ec   Section        0  st7735.o(i.st7735_reset)
    st7735_reset                             0x080032ed   Thumb Code    36  st7735.o(i.st7735_reset)
    i.st7735_select                          0x08003314   Section        0  st7735.o(i.st7735_select)
    st7735_select                            0x08003315   Thumb Code    14  st7735.o(i.st7735_select)
    i.st7735_set_window                      0x08003328   Section        0  st7735.o(i.st7735_set_window)
    st7735_set_window                        0x08003329   Thumb Code    82  st7735.o(i.st7735_set_window)
    i.st7735_unselect                        0x0800337c   Section        0  st7735.o(i.st7735_unselect)
    i.st7735_write_char                      0x08003390   Section        0  st7735.o(i.st7735_write_char)
    i.st7735_write_cmd                       0x08003448   Section        0  st7735.o(i.st7735_write_cmd)
    st7735_write_cmd                         0x08003449   Thumb Code    22  st7735.o(i.st7735_write_cmd)
    i.st7735_write_data                      0x08003464   Section        0  st7735.o(i.st7735_write_data)
    st7735_write_data                        0x08003465   Thumb Code    42  st7735.o(i.st7735_write_data)
    i.st7735_write_string                    0x08003498   Section        0  st7735.o(i.st7735_write_string)
    i.swi2c_init                             0x080034f4   Section        0  swi2c.o(i.swi2c_init)
    i.swi2c_read                             0x080034fc   Section        0  swi2c.o(i.swi2c_read)
    i.swi2c_write                            0x08003560   Section        0  swi2c.o(i.swi2c_write)
    i.timer_elapsed_callback                 0x080035a4   Section        0  main.o(i.timer_elapsed_callback)
    timer_elapsed_callback                   0x080035a5   Thumb Code    28  main.o(i.timer_elapsed_callback)
    i.timer_elapsed_register                 0x080035c8   Section        0  timer.o(i.timer_elapsed_register)
    i.timer_init                             0x080035d4   Section        0  timer.o(i.timer_init)
    i.timer_start                            0x08003624   Section        0  timer.o(i.timer_start)
    i.ts_to_date                             0x08003630   Section        0  rtc.o(i.ts_to_date)
    i.weather_parse                          0x08003718   Section        0  weather.o(i.weather_parse)
    .constdata                               0x080037b8   Section      780  font_temper_32.o(.constdata)
    font_temper_16x32_data                   0x080037b8   Data         780  font_temper_32.o(.constdata)
    .constdata                               0x08003ac4   Section     1740  font_time_48.o(.constdata)
    font_time_24x48_data                     0x08003ac4   Data        1740  font_time_48.o(.constdata)
    .constdata                               0x08004190   Section     4616  icon_weather_duoyun.o(.constdata)
    duoyun_map                               0x08004190   Data        4608  icon_weather_duoyun.o(.constdata)
    .constdata                               0x08005398   Section     4616  icon_weather_feng.o(.constdata)
    feng_map                                 0x08005398   Data        4608  icon_weather_feng.o(.constdata)
    .constdata                               0x080065a0   Section     4616  icon_weather_qing.o(.constdata)
    qing_map                                 0x080065a0   Data        4608  icon_weather_qing.o(.constdata)
    .constdata                               0x080077a8   Section     4616  icon_weather_xue.o(.constdata)
    xue_map                                  0x080077a8   Data        4608  icon_weather_xue.o(.constdata)
    .constdata                               0x080089b0   Section     4616  icon_weather_yin.o(.constdata)
    yin_map                                  0x080089b0   Data        4608  icon_weather_yin.o(.constdata)
    .constdata                               0x08009bb8   Section     4616  icon_weather_yu.o(.constdata)
    yu_map                                   0x08009bb8   Data        4608  icon_weather_yu.o(.constdata)
    .constdata                               0x0800adc0   Section       48  rtc.o(.constdata)
    .constdata                               0x0800adf0   Section      109  st7735.o(.constdata)
    init_cmd_list                            0x0800adf0   Data         109  st7735.o(.constdata)
    .constdata                               0x0800ae5d   Section     1615  stfonts.o(.constdata)
    font_ascii_8x16_data                     0x0800ae5d   Data        1615  stfonts.o(.constdata)
    .constdata                               0x0800b4ac   Section      129  ctype_o.o(.constdata)
    .constdata                               0x0800b530   Section        4  ctype_o.o(.constdata)
    table                                    0x0800b530   Data           4  ctype_o.o(.constdata)
    .data                                    0x20000000   Section       20  main.o(.data)
    rx_len                                   0x20000000   Data           2  main.o(.data)
    time_update_req                          0x20000002   Data           1  main.o(.data)
    new_timestamp                            0x20000004   Data           4  main.o(.data)
    weather_update_req                       0x20000008   Data           1  main.o(.data)
    runms                                    0x2000000c   Data           4  main.o(.data)
    disp_height                              0x20000010   Data           4  main.o(.data)
    .data                                    0x20000014   Section       12  font_temper_32.o(.data)
    .data                                    0x20000020   Section       12  font_time_48.o(.data)
    .data                                    0x2000002c   Section        4  timer.o(.data)
    timer_elapsed_callback                   0x2000002c   Data           4  timer.o(.data)
    .data                                    0x20000030   Section        4  esp_usart.o(.data)
    esp_usart_receive_callback               0x20000030   Data           4  esp_usart.o(.data)
    .data                                    0x20000034   Section        4  lcd_spi.o(.data)
    lcd_spi_send_finish_callback             0x20000034   Data           4  lcd_spi.o(.data)
    .data                                    0x20000038   Section        1  st7735.o(.data)
    spi_async_done                           0x20000038   Data           1  st7735.o(.data)
    .data                                    0x2000003c   Section       12  stfonts.o(.data)
    .data                                    0x20000048   Section        3  serial.o(.data)
    RxState                                  0x20000049   Data           1  serial.o(.data)
    pRxPacket                                0x2000004a   Data           1  serial.o(.data)
    .data                                    0x2000004c   Section       20  system_stm32f10x.o(.data)
    .data                                    0x20000060   Section       20  stm32f10x_rcc.o(.data)
    APBAHBPrescTable                         0x20000060   Data          16  stm32f10x_rcc.o(.data)
    ADCPrescTable                            0x20000070   Data           4  stm32f10x_rcc.o(.data)
    .data                                    0x20000074   Section        4  errno.o(.data)
    _errno                                   0x20000074   Data           4  errno.o(.data)
    .bss                                     0x20000078   Section      552  main.o(.bss)
    rx_buf                                   0x20000078   Data         512  main.o(.bss)
    new_weather                              0x20000278   Data          40  main.o(.bss)
    .bss                                     0x200002a0   Section     4096  st7735.o(.bss)
    gram_buff                                0x200002a0   Data        4096  st7735.o(.bss)
    .bss                                     0x200012a0   Section      100  serial.o(.bss)
    STACK                                    0x20001308   Section     1024  startup_stm32f10x_md.o(STACK)

    Global Symbols

    Symbol Name                              Value     Ov Type        Size  Object(Section)

    BuildAttributes$$THM_ISAv4$P$D$K$B$S$PE$A:L22UL41UL21$X:L11$S22US41US21$IEEE1$IW$USESV6$~STKCKD$USESV7$~SHL$OTIME$ROPI$EBA8$MICROLIB$REQ8$PRES8$EABIv2 0x00000000   Number         0  anon$$obj.o ABSOLUTE
    __ARM_use_no_argv                        0x00000000   Number         0  main.o ABSOLUTE
    _printf_a                                0x00000000   Number         0  stubs.o ABSOLUTE
    _printf_c                                0x00000000   Number         0  stubs.o ABSOLUTE
    _printf_charcount                        0x00000000   Number         0  stubs.o ABSOLUTE
    _printf_d                                0x00000000   Number         0  stubs.o ABSOLUTE
    _printf_e                                0x00000000   Number         0  stubs.o ABSOLUTE
    _printf_f                                0x00000000   Number         0  stubs.o ABSOLUTE
    _printf_flags                            0x00000000   Number         0  stubs.o ABSOLUTE
    _printf_fp_dec                           0x00000000   Number         0  stubs.o ABSOLUTE
    _printf_fp_hex                           0x00000000   Number         0  stubs.o ABSOLUTE
    _printf_g                                0x00000000   Number         0  stubs.o ABSOLUTE
    _printf_i                                0x00000000   Number         0  stubs.o ABSOLUTE
    _printf_int_dec                          0x00000000   Number         0  stubs.o ABSOLUTE
    _printf_l                                0x00000000   Number         0  stubs.o ABSOLUTE
    _printf_lc                               0x00000000   Number         0  stubs.o ABSOLUTE
    _printf_ll                               0x00000000   Number         0  stubs.o ABSOLUTE
    _printf_lld                              0x00000000   Number         0  stubs.o ABSOLUTE
    _printf_lli                              0x00000000   Number         0  stubs.o ABSOLUTE
    _printf_llo                              0x00000000   Number         0  stubs.o ABSOLUTE
    _printf_llu                              0x00000000   Number         0  stubs.o ABSOLUTE
    _printf_llx                              0x00000000   Number         0  stubs.o ABSOLUTE
    _printf_longlong_dec                     0x00000000   Number         0  stubs.o ABSOLUTE
    _printf_longlong_hex                     0x00000000   Number         0  stubs.o ABSOLUTE
    _printf_longlong_oct                     0x00000000   Number         0  stubs.o ABSOLUTE
    _printf_ls                               0x00000000   Number         0  stubs.o ABSOLUTE
    _printf_mbtowc                           0x00000000   Number         0  stubs.o ABSOLUTE
    _printf_n                                0x00000000   Number         0  stubs.o ABSOLUTE
    _printf_o                                0x00000000   Number         0  stubs.o ABSOLUTE
    _printf_p                                0x00000000   Number         0  stubs.o ABSOLUTE
    _printf_percent                          0x00000000   Number         0  stubs.o ABSOLUTE
    _printf_pre_padding                      0x00000000   Number         0  stubs.o ABSOLUTE
    _printf_return_value                     0x00000000   Number         0  stubs.o ABSOLUTE
    _printf_s                                0x00000000   Number         0  stubs.o ABSOLUTE
    _printf_sizespec                         0x00000000   Number         0  stubs.o ABSOLUTE
    _printf_str                              0x00000000   Number         0  stubs.o ABSOLUTE
    _printf_truncate_signed                  0x00000000   Number         0  stubs.o ABSOLUTE
    _printf_truncate_unsigned                0x00000000   Number         0  stubs.o ABSOLUTE
    _printf_u                                0x00000000   Number         0  stubs.o ABSOLUTE
    _printf_wc                               0x00000000   Number         0  stubs.o ABSOLUTE
    _printf_wctomb                           0x00000000   Number         0  stubs.o ABSOLUTE
    _printf_widthprec                        0x00000000   Number         0  stubs.o ABSOLUTE
    _printf_x                                0x00000000   Number         0  stubs.o ABSOLUTE
    __cpp_initialize__aeabi_                  - Undefined Weak Reference
    __cxa_finalize                            - Undefined Weak Reference
    __decompress                              - Undefined Weak Reference
    _clock_init                               - Undefined Weak Reference
    _microlib_exit                            - Undefined Weak Reference
    _scanf_longlong                           - Undefined Weak Reference
    _scanf_real                               - Undefined Weak Reference
    _scanf_string                             - Undefined Weak Reference
    __Vectors_Size                           0x000000ec   Number         0  startup_stm32f10x_md.o ABSOLUTE
    __Vectors                                0x08000000   Data           4  startup_stm32f10x_md.o(RESET)
    __Vectors_End                            0x080000ec   Data           0  startup_stm32f10x_md.o(RESET)
    __main                                   0x080000ed   Thumb Code     0  entry.o(.ARM.Collect$$$$00000000)
    _main_stk                                0x080000ed   Thumb Code     0  entry2.o(.ARM.Collect$$$$00000001)
    _main_scatterload                        0x080000f1   Thumb Code     0  entry5.o(.ARM.Collect$$$$00000004)
    __main_after_scatterload                 0x080000f5   Thumb Code     0  entry5.o(.ARM.Collect$$$$00000004)
    _main_clock                              0x080000f5   Thumb Code     0  entry7b.o(.ARM.Collect$$$$00000008)
    _main_cpp_init                           0x080000f5   Thumb Code     0  entry8b.o(.ARM.Collect$$$$0000000A)
    _main_init                               0x080000f5   Thumb Code     0  entry9a.o(.ARM.Collect$$$$0000000B)
    __rt_final_cpp                           0x080000fd   Thumb Code     0  entry10a.o(.ARM.Collect$$$$0000000D)
    __rt_final_exit                          0x080000fd   Thumb Code     0  entry11a.o(.ARM.Collect$$$$0000000F)
    Reset_Handler                            0x08000101   Thumb Code     8  startup_stm32f10x_md.o(.text)
    NMI_Handler                              0x08000109   Thumb Code     2  startup_stm32f10x_md.o(.text)
    HardFault_Handler                        0x0800010b   Thumb Code     2  startup_stm32f10x_md.o(.text)
    MemManage_Handler                        0x0800010d   Thumb Code     2  startup_stm32f10x_md.o(.text)
    BusFault_Handler                         0x0800010f   Thumb Code     2  startup_stm32f10x_md.o(.text)
    UsageFault_Handler                       0x08000111   Thumb Code     2  startup_stm32f10x_md.o(.text)
    SVC_Handler                              0x08000113   Thumb Code     2  startup_stm32f10x_md.o(.text)
    DebugMon_Handler                         0x08000115   Thumb Code     2  startup_stm32f10x_md.o(.text)
    PendSV_Handler                           0x08000117   Thumb Code     2  startup_stm32f10x_md.o(.text)
    SysTick_Handler                          0x08000119   Thumb Code     2  startup_stm32f10x_md.o(.text)
    ADC1_2_IRQHandler                        0x0800011b   Thumb Code     0  startup_stm32f10x_md.o(.text)
    CAN1_RX1_IRQHandler                      0x0800011b   Thumb Code     0  startup_stm32f10x_md.o(.text)
    CAN1_SCE_IRQHandler                      0x0800011b   Thumb Code     0  startup_stm32f10x_md.o(.text)
    DMA1_Channel1_IRQHandler                 0x0800011b   Thumb Code     0  startup_stm32f10x_md.o(.text)
    DMA1_Channel2_IRQHandler                 0x0800011b   Thumb Code     0  startup_stm32f10x_md.o(.text)
    DMA1_Channel4_IRQHandler                 0x0800011b   Thumb Code     0  startup_stm32f10x_md.o(.text)
    DMA1_Channel5_IRQHandler                 0x0800011b   Thumb Code     0  startup_stm32f10x_md.o(.text)
    DMA1_Channel6_IRQHandler                 0x0800011b   Thumb Code     0  startup_stm32f10x_md.o(.text)
    DMA1_Channel7_IRQHandler                 0x0800011b   Thumb Code     0  startup_stm32f10x_md.o(.text)
    EXTI0_IRQHandler                         0x0800011b   Thumb Code     0  startup_stm32f10x_md.o(.text)
    EXTI15_10_IRQHandler                     0x0800011b   Thumb Code     0  startup_stm32f10x_md.o(.text)
    EXTI1_IRQHandler                         0x0800011b   Thumb Code     0  startup_stm32f10x_md.o(.text)
    EXTI2_IRQHandler                         0x0800011b   Thumb Code     0  startup_stm32f10x_md.o(.text)
    EXTI3_IRQHandler                         0x0800011b   Thumb Code     0  startup_stm32f10x_md.o(.text)
    EXTI4_IRQHandler                         0x0800011b   Thumb Code     0  startup_stm32f10x_md.o(.text)
    EXTI9_5_IRQHandler                       0x0800011b   Thumb Code     0  startup_stm32f10x_md.o(.text)
    FLASH_IRQHandler                         0x0800011b   Thumb Code     0  startup_stm32f10x_md.o(.text)
    I2C1_ER_IRQHandler                       0x0800011b   Thumb Code     0  startup_stm32f10x_md.o(.text)
    I2C1_EV_IRQHandler                       0x0800011b   Thumb Code     0  startup_stm32f10x_md.o(.text)
    I2C2_ER_IRQHandler                       0x0800011b   Thumb Code     0  startup_stm32f10x_md.o(.text)
    I2C2_EV_IRQHandler                       0x0800011b   Thumb Code     0  startup_stm32f10x_md.o(.text)
    PVD_IRQHandler                           0x0800011b   Thumb Code     0  startup_stm32f10x_md.o(.text)
    RCC_IRQHandler                           0x0800011b   Thumb Code     0  startup_stm32f10x_md.o(.text)
    RTCAlarm_IRQHandler                      0x0800011b   Thumb Code     0  startup_stm32f10x_md.o(.text)
    RTC_IRQHandler                           0x0800011b   Thumb Code     0  startup_stm32f10x_md.o(.text)
    SPI1_IRQHandler                          0x0800011b   Thumb Code     0  startup_stm32f10x_md.o(.text)
    SPI2_IRQHandler                          0x0800011b   Thumb Code     0  startup_stm32f10x_md.o(.text)
    TAMPER_IRQHandler                        0x0800011b   Thumb Code     0  startup_stm32f10x_md.o(.text)
    TIM1_BRK_IRQHandler                      0x0800011b   Thumb Code     0  startup_stm32f10x_md.o(.text)
    TIM1_CC_IRQHandler                       0x0800011b   Thumb Code     0  startup_stm32f10x_md.o(.text)
    TIM1_TRG_COM_IRQHandler                  0x0800011b   Thumb Code     0  startup_stm32f10x_md.o(.text)
    TIM1_UP_IRQHandler                       0x0800011b   Thumb Code     0  startup_stm32f10x_md.o(.text)
    TIM3_IRQHandler                          0x0800011b   Thumb Code     0  startup_stm32f10x_md.o(.text)
    TIM4_IRQHandler                          0x0800011b   Thumb Code     0  startup_stm32f10x_md.o(.text)
    USART3_IRQHandler                        0x0800011b   Thumb Code     0  startup_stm32f10x_md.o(.text)
    USBWakeUp_IRQHandler                     0x0800011b   Thumb Code     0  startup_stm32f10x_md.o(.text)
    USB_HP_CAN1_TX_IRQHandler                0x0800011b   Thumb Code     0  startup_stm32f10x_md.o(.text)
    USB_LP_CAN1_RX0_IRQHandler               0x0800011b   Thumb Code     0  startup_stm32f10x_md.o(.text)
    WWDG_IRQHandler                          0x0800011b   Thumb Code     0  startup_stm32f10x_md.o(.text)
    __aeabi_memcpy                           0x08000125   Thumb Code    36  memcpya.o(.text)
    __aeabi_memcpy4                          0x08000125   Thumb Code     0  memcpya.o(.text)
    __aeabi_memcpy8                          0x08000125   Thumb Code     0  memcpya.o(.text)
    strstr                                   0x08000149   Thumb Code    36  strstr.o(.text)
    strncpy                                  0x0800016d   Thumb Code    24  strncpy.o(.text)
    strchr                                   0x08000185   Thumb Code    20  strchr.o(.text)
    strcmp                                   0x08000199   Thumb Code    28  strcmp.o(.text)
    __0sscanf                                0x080001b5   Thumb Code    48  __0sscanf.o(.text)
    _scanf_int                               0x080001ed   Thumb Code   332  _scanf_int.o(.text)
    atoi                                     0x08000339   Thumb Code    26  atoi.o(.text)
    __aeabi_fadd                             0x08000353   Thumb Code   164  fadd.o(.text)
    __aeabi_fsub                             0x080003f7   Thumb Code     6  fadd.o(.text)
    __aeabi_frsub                            0x080003fd   Thumb Code     6  fadd.o(.text)
    __aeabi_fdiv                             0x08000403   Thumb Code   124  fdiv.o(.text)
    __aeabi_i2f                              0x0800047f   Thumb Code    18  fflti.o(.text)
    __aeabi_f2d                              0x08000491   Thumb Code    38  f2d.o(.text)
    __aeabi_uidiv                            0x080004b7   Thumb Code     0  uidiv.o(.text)
    __aeabi_uidivmod                         0x080004b7   Thumb Code    44  uidiv.o(.text)
    __aeabi_uldivmod                         0x080004e3   Thumb Code    98  uldiv.o(.text)
    _chval                                   0x08000545   Thumb Code    28  _chval.o(.text)
    __vfscanf_char                           0x0800056d   Thumb Code    20  scanf_char.o(.text)
    _sgetc                                   0x08000589   Thumb Code    30  _sgetc.o(.text)
    _sbackspace                              0x080005a7   Thumb Code    34  _sgetc.o(.text)
    strtol                                   0x080005c9   Thumb Code   112  strtol.o(.text)
    __I$use$fp                               0x08000639   Thumb Code     0  iusefp.o(.text)
    _float_round                             0x08000639   Thumb Code    18  fepilogue.o(.text)
    _float_epilogue                          0x0800064b   Thumb Code    92  fepilogue.o(.text)
    __aeabi_dadd                             0x080006a7   Thumb Code   322  dadd.o(.text)
    __aeabi_dsub                             0x080007e9   Thumb Code     6  dadd.o(.text)
    __aeabi_drsub                            0x080007ef   Thumb Code     6  dadd.o(.text)
    __aeabi_dmul                             0x080007f5   Thumb Code   228  dmul.o(.text)
    __aeabi_ddiv                             0x080008d9   Thumb Code   222  ddiv.o(.text)
    __aeabi_d2ulz                            0x080009b7   Thumb Code    48  dfixul.o(.text)
    __aeabi_cdrcmple                         0x080009e9   Thumb Code    48  cdrcmple.o(.text)
    __scatterload                            0x08000a19   Thumb Code    28  init.o(.text)
    __scatterload_rt2                        0x08000a19   Thumb Code     0  init.o(.text)
    __aeabi_llsl                             0x08000a3d   Thumb Code    30  llshl.o(.text)
    _ll_shift_l                              0x08000a3d   Thumb Code     0  llshl.o(.text)
    __aeabi_llsr                             0x08000a5b   Thumb Code    32  llushr.o(.text)
    _ll_ushift_r                             0x08000a5b   Thumb Code     0  llushr.o(.text)
    __aeabi_lasr                             0x08000a7b   Thumb Code    36  llsshr.o(.text)
    _ll_sshift_r                             0x08000a7b   Thumb Code     0  llsshr.o(.text)
    __rt_ctype_table                         0x08000aa1   Thumb Code     4  ctype_o.o(.text)
    isspace                                  0x08000aa9   Thumb Code    18  isspace_o.o(.text)
    __vfscanf                                0x08000abd   Thumb Code   808  _scanf.o(.text)
    _strtoul                                 0x08000de9   Thumb Code   158  _strtoul.o(.text)
    _double_round                            0x08000e87   Thumb Code    30  depilogue.o(.text)
    _double_epilogue                         0x08000ea5   Thumb Code   156  depilogue.o(.text)
    BKP_DeInit                               0x08000f41   Thumb Code    16  stm32f10x_bkp.o(i.BKP_DeInit)
    DMA1_Channel3_IRQHandler                 0x08000f51   Thumb Code    50  lcd_spi.o(i.DMA1_Channel3_IRQHandler)
    DMA_ClearITPendingBit                    0x08000f8d   Thumb Code    18  stm32f10x_dma.o(i.DMA_ClearITPendingBit)
    DMA_Cmd                                  0x08000fa9   Thumb Code    24  stm32f10x_dma.o(i.DMA_Cmd)
    DMA_DeInit                               0x08000fc1   Thumb Code   324  stm32f10x_dma.o(i.DMA_DeInit)
    DMA_GetITStatus                          0x0800110d   Thumb Code    36  stm32f10x_dma.o(i.DMA_GetITStatus)
    DMA_ITConfig                             0x08001139   Thumb Code    18  stm32f10x_dma.o(i.DMA_ITConfig)
    DMA_Init                                 0x0800114b   Thumb Code    60  stm32f10x_dma.o(i.DMA_Init)
    GPIO_Init                                0x08001187   Thumb Code   278  stm32f10x_gpio.o(i.GPIO_Init)
    GPIO_ReadInputDataBit                    0x0800129d   Thumb Code    18  stm32f10x_gpio.o(i.GPIO_ReadInputDataBit)
    GPIO_ResetBits                           0x080012af   Thumb Code     4  stm32f10x_gpio.o(i.GPIO_ResetBits)
    GPIO_SetBits                             0x080012b3   Thumb Code     4  stm32f10x_gpio.o(i.GPIO_SetBits)
    GPIO_WriteBit                            0x080012b7   Thumb Code    10  stm32f10x_gpio.o(i.GPIO_WriteBit)
    NVIC_Init                                0x080012c1   Thumb Code   100  misc.o(i.NVIC_Init)
    PWR_BackupAccessCmd                      0x08001331   Thumb Code     6  stm32f10x_pwr.o(i.PWR_BackupAccessCmd)
    RCC_AHBPeriphClockCmd                    0x0800133d   Thumb Code    26  stm32f10x_rcc.o(i.RCC_AHBPeriphClockCmd)
    RCC_APB1PeriphClockCmd                   0x0800135d   Thumb Code    26  stm32f10x_rcc.o(i.RCC_APB1PeriphClockCmd)
    RCC_APB2PeriphClockCmd                   0x0800137d   Thumb Code    26  stm32f10x_rcc.o(i.RCC_APB2PeriphClockCmd)
    RCC_BackupResetCmd                       0x0800139d   Thumb Code     6  stm32f10x_rcc.o(i.RCC_BackupResetCmd)
    RCC_GetClocksFreq                        0x080013a9   Thumb Code   192  stm32f10x_rcc.o(i.RCC_GetClocksFreq)
    RCC_GetFlagStatus                        0x0800147d   Thumb Code    56  stm32f10x_rcc.o(i.RCC_GetFlagStatus)
    RCC_LSEConfig                            0x080014b9   Thumb Code    46  stm32f10x_rcc.o(i.RCC_LSEConfig)
    RCC_LSICmd                               0x080014ed   Thumb Code     6  stm32f10x_rcc.o(i.RCC_LSICmd)
    RCC_RTCCLKCmd                            0x080014f9   Thumb Code     6  stm32f10x_rcc.o(i.RCC_RTCCLKCmd)
    RCC_RTCCLKConfig                         0x08001505   Thumb Code    12  stm32f10x_rcc.o(i.RCC_RTCCLKConfig)
    RTC_EnterConfigMode                      0x08001515   Thumb Code    14  stm32f10x_rtc.o(i.RTC_EnterConfigMode)
    RTC_ExitConfigMode                       0x08001529   Thumb Code    16  stm32f10x_rtc.o(i.RTC_ExitConfigMode)
    RTC_GetCounter                           0x0800153d   Thumb Code    38  stm32f10x_rtc.o(i.RTC_GetCounter)
    RTC_SetCounter                           0x08001569   Thumb Code    24  stm32f10x_rtc.o(i.RTC_SetCounter)
    RTC_SetPrescaler                         0x08001585   Thumb Code    26  stm32f10x_rtc.o(i.RTC_SetPrescaler)
    RTC_WaitForLastTask                      0x080015a5   Thumb Code    16  stm32f10x_rtc.o(i.RTC_WaitForLastTask)
    RTC_WaitForSynchro                       0x080015b9   Thumb Code    30  stm32f10x_rtc.o(i.RTC_WaitForSynchro)
    SPI_Cmd                                  0x080015dd   Thumb Code    24  stm32f10x_spi.o(i.SPI_Cmd)
    SPI_I2S_DMACmd                           0x080015f5   Thumb Code    18  stm32f10x_spi.o(i.SPI_I2S_DMACmd)
    SPI_I2S_GetFlagStatus                    0x08001607   Thumb Code    18  stm32f10x_spi.o(i.SPI_I2S_GetFlagStatus)
    SPI_I2S_SendData                         0x08001619   Thumb Code     4  stm32f10x_spi.o(i.SPI_I2S_SendData)
    SPI_Init                                 0x0800161d   Thumb Code    60  stm32f10x_spi.o(i.SPI_Init)
    SystemInit                               0x08001741   Thumb Code    78  system_stm32f10x.o(i.SystemInit)
    TIM2_IRQHandler                          0x080017a1   Thumb Code    34  timer.o(i.TIM2_IRQHandler)
    TIM_ClearITPendingBit                    0x080017c9   Thumb Code     6  stm32f10x_tim.o(i.TIM_ClearITPendingBit)
    TIM_Cmd                                  0x080017cf   Thumb Code    24  stm32f10x_tim.o(i.TIM_Cmd)
    TIM_GetITStatus                          0x080017e7   Thumb Code    34  stm32f10x_tim.o(i.TIM_GetITStatus)
    TIM_ITConfig                             0x08001809   Thumb Code    18  stm32f10x_tim.o(i.TIM_ITConfig)
    TIM_TimeBaseInit                         0x0800181d   Thumb Code   122  stm32f10x_tim.o(i.TIM_TimeBaseInit)
    USART1_IRQHandler                        0x080018c1   Thumb Code   140  serial.o(i.USART1_IRQHandler)
    USART2_IRQHandler                        0x08001961   Thumb Code    42  esp_usart.o(i.USART2_IRQHandler)
    USART_ClearITPendingBit                  0x08001995   Thumb Code    30  stm32f10x_usart.o(i.USART_ClearITPendingBit)
    USART_Cmd                                0x080019b3   Thumb Code    24  stm32f10x_usart.o(i.USART_Cmd)
    USART_GetITStatus                        0x080019cb   Thumb Code    84  stm32f10x_usart.o(i.USART_GetITStatus)
    USART_ITConfig                           0x08001a1f   Thumb Code    74  stm32f10x_usart.o(i.USART_ITConfig)
    USART_Init                               0x08001a69   Thumb Code   210  stm32f10x_usart.o(i.USART_Init)
    USART_ReceiveData                        0x08001b41   Thumb Code    10  stm32f10x_usart.o(i.USART_ReceiveData)
    __0snprintf                              0x08001b4d   Thumb Code    44  printfa.o(i.__0snprintf)
    __1snprintf                              0x08001b4d   Thumb Code     0  printfa.o(i.__0snprintf)
    __2snprintf                              0x08001b4d   Thumb Code     0  printfa.o(i.__0snprintf)
    __c89snprintf                            0x08001b4d   Thumb Code     0  printfa.o(i.__0snprintf)
    snprintf                                 0x08001b4d   Thumb Code     0  printfa.o(i.__0snprintf)
    __aeabi_errno_addr                       0x08001b7d   Thumb Code     4  errno.o(i.__aeabi_errno_addr)
    __rt_errno_addr                          0x08001b7d   Thumb Code     0  errno.o(i.__aeabi_errno_addr)
    __scatterload_copy                       0x08001b85   Thumb Code    14  handlers.o(i.__scatterload_copy)
    __scatterload_null                       0x08001b93   Thumb Code     2  handlers.o(i.__scatterload_null)
    __scatterload_zeroinit                   0x08001b95   Thumb Code    14  handlers.o(i.__scatterload_zeroinit)
    board_lowlevel_init                      0x0800246d   Thumb Code   128  board.o(i.board_lowlevel_init)
    date_to_ts                               0x080024ed   Thumb Code   142  rtc.o(i.date_to_ts)
    delay_ms                                 0x080025dd   Thumb Code    24  delay.o(i.delay_ms)
    delay_us                                 0x080025f5   Thumb Code    54  delay.o(i.delay_us)
    esp_usart_init                           0x08002635   Thumb Code   148  esp_usart.o(i.esp_usart_init)
    esp_usart_receive_register               0x080026d1   Thumb Code     6  esp_usart.o(i.esp_usart_receive_register)
    lcd_spi_init                             0x080028dd   Thumb Code    16  lcd_spi.o(i.lcd_spi_init)
    lcd_spi_send_finish_register             0x0800296d   Thumb Code     6  lcd_spi.o(i.lcd_spi_send_finish_register)
    lcd_spi_write                            0x08002979   Thumb Code    56  lcd_spi.o(i.lcd_spi_write)
    lcd_spi_write_async                      0x080029b5   Thumb Code    82  lcd_spi.o(i.lcd_spi_write_async)
    led_init                                 0x08002a11   Thumb Code    40  led.o(i.led_init)
    main                                     0x08002a3d   Thumb Code   654  main.o(i.main)
    mpu6050_init                             0x08002da1   Thumb Code   104  mpu6050.o(i.mpu6050_init)
    mpu6050_read_temper                      0x08002e09   Thumb Code    52  mpu6050.o(i.mpu6050_read_temper)
    rtc_get_date                             0x08002fb5   Thumb Code    22  rtc.o(i.rtc_get_date)
    rtc_init                                 0x08002fcb   Thumb Code    88  rtc.o(i.rtc_init)
    rtc_set_date                             0x08003023   Thumb Code    40  rtc.o(i.rtc_set_date)
    rtc_set_timestamp                        0x0800304b   Thumb Code    20  rtc.o(i.rtc_set_timestamp)
    st7735_draw_image                        0x08003081   Thumb Code   104  st7735.o(i.st7735_draw_image)
    st7735_fill_rect                         0x08003129   Thumb Code   198  st7735.o(i.st7735_fill_rect)
    st7735_fill_screen                       0x080031f5   Thumb Code    20  st7735.o(i.st7735_fill_screen)
    st7735_init                              0x08003241   Thumb Code    40  st7735.o(i.st7735_init)
    st7735_unselect                          0x0800337d   Thumb Code    14  st7735.o(i.st7735_unselect)
    st7735_write_char                        0x08003391   Thumb Code   180  st7735.o(i.st7735_write_char)
    st7735_write_string                      0x08003499   Thumb Code    92  st7735.o(i.st7735_write_string)
    swi2c_init                               0x080034f5   Thumb Code     8  swi2c.o(i.swi2c_init)
    swi2c_read                               0x080034fd   Thumb Code   100  swi2c.o(i.swi2c_read)
    swi2c_write                              0x08003561   Thumb Code    68  swi2c.o(i.swi2c_write)
    timer_elapsed_register                   0x080035c9   Thumb Code     6  timer.o(i.timer_elapsed_register)
    timer_init                               0x080035d5   Thumb Code    80  timer.o(i.timer_init)
    timer_start                              0x08003625   Thumb Code    12  timer.o(i.timer_start)
    ts_to_date                               0x08003631   Thumb Code   228  rtc.o(i.ts_to_date)
    weather_parse                            0x08003719   Thumb Code   132  weather.o(i.weather_parse)
    icon_weather_duoyun                      0x08005390   Data           8  icon_weather_duoyun.o(.constdata)
    icon_weather_feng                        0x08006598   Data           8  icon_weather_feng.o(.constdata)
    icon_weather_qing                        0x080077a0   Data           8  icon_weather_qing.o(.constdata)
    icon_weather_xue                         0x080089a8   Data           8  icon_weather_xue.o(.constdata)
    icon_weather_yin                         0x08009bb0   Data           8  icon_weather_yin.o(.constdata)
    icon_weather_yu                          0x0800adb8   Data           8  icon_weather_yu.o(.constdata)
    __ctype_table                            0x0800b4ac   Data         129  ctype_o.o(.constdata)
    Region$$Table$$Base                      0x0800b534   Number         0  anon$$obj.o(Region$$Table)
    Region$$Table$$Limit                     0x0800b554   Number         0  anon$$obj.o(Region$$Table)
    font_temper_16x32                        0x20000014   Data          12  font_temper_32.o(.data)
    font_time_24x48                          0x20000020   Data          12  font_time_48.o(.data)
    font_ascii_8x16                          0x2000003c   Data          12  stfonts.o(.data)
    Serial_RxFlag                            0x20000048   Data           1  serial.o(.data)
    SystemCoreClock                          0x2000004c   Data           4  system_stm32f10x.o(.data)
    AHBPrescTable                            0x20000050   Data          16  system_stm32f10x.o(.data)
    Serial_RxPacket                          0x200012a0   Data         100  serial.o(.bss)
    __initial_sp                             0x20001708   Data           0  startup_stm32f10x_md.o(STACK)



==============================================================================

Memory Map of the image

  Image Entry point : 0x080000ed

  Load Region LR_IROM1 (Base: 0x08000000, Size: 0x0000b5cc, Max: 0x00010000, ABSOLUTE)

    Execution Region ER_IROM1 (Exec base: 0x08000000, Load base: 0x08000000, Size: 0x0000b554, Max: 0x00010000, ABSOLUTE)

    Exec Addr    Load Addr    Size         Type   Attr      Idx    E Section Name        Object

    0x08000000   0x08000000   0x000000ec   Data   RO          927    RESET               startup_stm32f10x_md.o
    0x080000ec   0x080000ec   0x00000000   Code   RO         3944  * .ARM.Collect$$$$00000000  mc_w.l(entry.o)
    0x080000ec   0x080000ec   0x00000004   Code   RO         4236    .ARM.Collect$$$$00000001  mc_w.l(entry2.o)
    0x080000f0   0x080000f0   0x00000004   Code   RO         4239    .ARM.Collect$$$$00000004  mc_w.l(entry5.o)
    0x080000f4   0x080000f4   0x00000000   Code   RO         4241    .ARM.Collect$$$$00000008  mc_w.l(entry7b.o)
    0x080000f4   0x080000f4   0x00000000   Code   RO         4243    .ARM.Collect$$$$0000000A  mc_w.l(entry8b.o)
    0x080000f4   0x080000f4   0x00000008   Code   RO         4244    .ARM.Collect$$$$0000000B  mc_w.l(entry9a.o)
    0x080000fc   0x080000fc   0x00000000   Code   RO         4246    .ARM.Collect$$$$0000000D  mc_w.l(entry10a.o)
    0x080000fc   0x080000fc   0x00000000   Code   RO         4248    .ARM.Collect$$$$0000000F  mc_w.l(entry11a.o)
    0x080000fc   0x080000fc   0x00000004   Code   RO         4237    .ARM.Collect$$$$00002712  mc_w.l(entry2.o)
    0x08000100   0x08000100   0x00000024   Code   RO          928    .text               startup_stm32f10x_md.o
    0x08000124   0x08000124   0x00000024   Code   RO         3947    .text               mc_w.l(memcpya.o)
    0x08000148   0x08000148   0x00000024   Code   RO         3949    .text               mc_w.l(strstr.o)
    0x0800016c   0x0800016c   0x00000018   Code   RO         3951    .text               mc_w.l(strncpy.o)
    0x08000184   0x08000184   0x00000014   Code   RO         3953    .text               mc_w.l(strchr.o)
    0x08000198   0x08000198   0x0000001c   Code   RO         3957    .text               mc_w.l(strcmp.o)
    0x080001b4   0x080001b4   0x00000038   Code   RO         4222    .text               mc_w.l(__0sscanf.o)
    0x080001ec   0x080001ec   0x0000014c   Code   RO         4224    .text               mc_w.l(_scanf_int.o)
    0x08000338   0x08000338   0x0000001a   Code   RO         4226    .text               mc_w.l(atoi.o)
    0x08000352   0x08000352   0x000000b0   Code   RO         4228    .text               mf_w.l(fadd.o)
    0x08000402   0x08000402   0x0000007c   Code   RO         4230    .text               mf_w.l(fdiv.o)
    0x0800047e   0x0800047e   0x00000012   Code   RO         4232    .text               mf_w.l(fflti.o)
    0x08000490   0x08000490   0x00000026   Code   RO         4234    .text               mf_w.l(f2d.o)
    0x080004b6   0x080004b6   0x0000002c   Code   RO         4251    .text               mc_w.l(uidiv.o)
    0x080004e2   0x080004e2   0x00000062   Code   RO         4253    .text               mc_w.l(uldiv.o)
    0x08000544   0x08000544   0x0000001c   Code   RO         4262    .text               mc_w.l(_chval.o)
    0x08000560   0x08000560   0x00000028   Code   RO         4264    .text               mc_w.l(scanf_char.o)
    0x08000588   0x08000588   0x00000040   Code   RO         4266    .text               mc_w.l(_sgetc.o)
    0x080005c8   0x080005c8   0x00000070   Code   RO         4268    .text               mc_w.l(strtol.o)
    0x08000638   0x08000638   0x00000000   Code   RO         4270    .text               mc_w.l(iusefp.o)
    0x08000638   0x08000638   0x0000006e   Code   RO         4271    .text               mf_w.l(fepilogue.o)
    0x080006a6   0x080006a6   0x0000014e   Code   RO         4273    .text               mf_w.l(dadd.o)
    0x080007f4   0x080007f4   0x000000e4   Code   RO         4275    .text               mf_w.l(dmul.o)
    0x080008d8   0x080008d8   0x000000de   Code   RO         4277    .text               mf_w.l(ddiv.o)
    0x080009b6   0x080009b6   0x00000030   Code   RO         4279    .text               mf_w.l(dfixul.o)
    0x080009e6   0x080009e6   0x00000002   PAD
    0x080009e8   0x080009e8   0x00000030   Code   RO         4281    .text               mf_w.l(cdrcmple.o)
    0x08000a18   0x08000a18   0x00000024   Code   RO         4283    .text               mc_w.l(init.o)
    0x08000a3c   0x08000a3c   0x0000001e   Code   RO         4285    .text               mc_w.l(llshl.o)
    0x08000a5a   0x08000a5a   0x00000020   Code   RO         4287    .text               mc_w.l(llushr.o)
    0x08000a7a   0x08000a7a   0x00000024   Code   RO         4289    .text               mc_w.l(llsshr.o)
    0x08000a9e   0x08000a9e   0x00000002   PAD
    0x08000aa0   0x08000aa0   0x00000008   Code   RO         4293    .text               mc_w.l(ctype_o.o)
    0x08000aa8   0x08000aa8   0x00000012   Code   RO         4315    .text               mc_w.l(isspace_o.o)
    0x08000aba   0x08000aba   0x00000002   PAD
    0x08000abc   0x08000abc   0x0000032c   Code   RO         4321    .text               mc_w.l(_scanf.o)
    0x08000de8   0x08000de8   0x0000009e   Code   RO         4323    .text               mc_w.l(_strtoul.o)
    0x08000e86   0x08000e86   0x000000ba   Code   RO         4325    .text               mf_w.l(depilogue.o)
    0x08000f40   0x08000f40   0x00000010   Code   RO         1237    i.BKP_DeInit        stm32f10x_bkp.o
    0x08000f50   0x08000f50   0x0000003c   Code   RO          568    i.DMA1_Channel3_IRQHandler  lcd_spi.o
    0x08000f8c   0x08000f8c   0x0000001c   Code   RO         1703    i.DMA_ClearITPendingBit  stm32f10x_dma.o
    0x08000fa8   0x08000fa8   0x00000018   Code   RO         1704    i.DMA_Cmd           stm32f10x_dma.o
    0x08000fc0   0x08000fc0   0x0000014c   Code   RO         1705    i.DMA_DeInit        stm32f10x_dma.o
    0x0800110c   0x0800110c   0x0000002c   Code   RO         1708    i.DMA_GetITStatus   stm32f10x_dma.o
    0x08001138   0x08001138   0x00000012   Code   RO         1709    i.DMA_ITConfig      stm32f10x_dma.o
    0x0800114a   0x0800114a   0x0000003c   Code   RO         1710    i.DMA_Init          stm32f10x_dma.o
    0x08001186   0x08001186   0x00000116   Code   RO         2128    i.GPIO_Init         stm32f10x_gpio.o
    0x0800129c   0x0800129c   0x00000012   Code   RO         2132    i.GPIO_ReadInputDataBit  stm32f10x_gpio.o
    0x080012ae   0x080012ae   0x00000004   Code   RO         2135    i.GPIO_ResetBits    stm32f10x_gpio.o
    0x080012b2   0x080012b2   0x00000004   Code   RO         2136    i.GPIO_SetBits      stm32f10x_gpio.o
    0x080012b6   0x080012b6   0x0000000a   Code   RO         2139    i.GPIO_WriteBit     stm32f10x_gpio.o
    0x080012c0   0x080012c0   0x00000070   Code   RO          977    i.NVIC_Init         misc.o
    0x08001330   0x08001330   0x0000000c   Code   RO         2482    i.PWR_BackupAccessCmd  stm32f10x_pwr.o
    0x0800133c   0x0800133c   0x00000020   Code   RO         2543    i.RCC_AHBPeriphClockCmd  stm32f10x_rcc.o
    0x0800135c   0x0800135c   0x00000020   Code   RO         2544    i.RCC_APB1PeriphClockCmd  stm32f10x_rcc.o
    0x0800137c   0x0800137c   0x00000020   Code   RO         2546    i.RCC_APB2PeriphClockCmd  stm32f10x_rcc.o
    0x0800139c   0x0800139c   0x0000000c   Code   RO         2549    i.RCC_BackupResetCmd  stm32f10x_rcc.o
    0x080013a8   0x080013a8   0x000000d4   Code   RO         2554    i.RCC_GetClocksFreq  stm32f10x_rcc.o
    0x0800147c   0x0800147c   0x0000003c   Code   RO         2555    i.RCC_GetFlagStatus  stm32f10x_rcc.o
    0x080014b8   0x080014b8   0x00000034   Code   RO         2562    i.RCC_LSEConfig     stm32f10x_rcc.o
    0x080014ec   0x080014ec   0x0000000c   Code   RO         2563    i.RCC_LSICmd        stm32f10x_rcc.o
    0x080014f8   0x080014f8   0x0000000c   Code   RO         2569    i.RCC_RTCCLKCmd     stm32f10x_rcc.o
    0x08001504   0x08001504   0x00000010   Code   RO         2570    i.RCC_RTCCLKConfig  stm32f10x_rcc.o
    0x08001514   0x08001514   0x00000014   Code   RO         2744    i.RTC_EnterConfigMode  stm32f10x_rtc.o
    0x08001528   0x08001528   0x00000014   Code   RO         2745    i.RTC_ExitConfigMode  stm32f10x_rtc.o
    0x0800153c   0x0800153c   0x0000002c   Code   RO         2746    i.RTC_GetCounter    stm32f10x_rtc.o
    0x08001568   0x08001568   0x0000001c   Code   RO         2752    i.RTC_SetCounter    stm32f10x_rtc.o
    0x08001584   0x08001584   0x00000020   Code   RO         2753    i.RTC_SetPrescaler  stm32f10x_rtc.o
    0x080015a4   0x080015a4   0x00000014   Code   RO         2754    i.RTC_WaitForLastTask  stm32f10x_rtc.o
    0x080015b8   0x080015b8   0x00000024   Code   RO         2755    i.RTC_WaitForSynchro  stm32f10x_rtc.o
    0x080015dc   0x080015dc   0x00000018   Code   RO         3023    i.SPI_Cmd           stm32f10x_spi.o
    0x080015f4   0x080015f4   0x00000012   Code   RO         3029    i.SPI_I2S_DMACmd    stm32f10x_spi.o
    0x08001606   0x08001606   0x00000012   Code   RO         3031    i.SPI_I2S_GetFlagStatus  stm32f10x_spi.o
    0x08001618   0x08001618   0x00000004   Code   RO         3035    i.SPI_I2S_SendData  stm32f10x_spi.o
    0x0800161c   0x0800161c   0x0000003c   Code   RO         3036    i.SPI_Init          stm32f10x_spi.o
    0x08001658   0x08001658   0x00000008   Code   RO          943    i.SetSysClock       system_stm32f10x.o
    0x08001660   0x08001660   0x000000e0   Code   RO          944    i.SetSysClockTo72   system_stm32f10x.o
    0x08001740   0x08001740   0x00000060   Code   RO          946    i.SystemInit        system_stm32f10x.o
    0x080017a0   0x080017a0   0x00000028   Code   RO          402    i.TIM2_IRQHandler   timer.o
    0x080017c8   0x080017c8   0x00000006   Code   RO         3173    i.TIM_ClearITPendingBit  stm32f10x_tim.o
    0x080017ce   0x080017ce   0x00000018   Code   RO         3178    i.TIM_Cmd           stm32f10x_tim.o
    0x080017e6   0x080017e6   0x00000022   Code   RO         3199    i.TIM_GetITStatus   stm32f10x_tim.o
    0x08001808   0x08001808   0x00000012   Code   RO         3203    i.TIM_ITConfig      stm32f10x_tim.o
    0x0800181a   0x0800181a   0x00000002   PAD
    0x0800181c   0x0800181c   0x000000a4   Code   RO         3249    i.TIM_TimeBaseInit  stm32f10x_tim.o
    0x080018c0   0x080018c0   0x000000a0   Code   RO          861    i.USART1_IRQHandler  serial.o
    0x08001960   0x08001960   0x00000034   Code   RO          530    i.USART2_IRQHandler  esp_usart.o
    0x08001994   0x08001994   0x0000001e   Code   RO         3711    i.USART_ClearITPendingBit  stm32f10x_usart.o
    0x080019b2   0x080019b2   0x00000018   Code   RO         3714    i.USART_Cmd         stm32f10x_usart.o
    0x080019ca   0x080019ca   0x00000054   Code   RO         3718    i.USART_GetITStatus  stm32f10x_usart.o
    0x08001a1e   0x08001a1e   0x0000004a   Code   RO         3720    i.USART_ITConfig    stm32f10x_usart.o
    0x08001a68   0x08001a68   0x000000d8   Code   RO         3721    i.USART_Init        stm32f10x_usart.o
    0x08001b40   0x08001b40   0x0000000a   Code   RO         3728    i.USART_ReceiveData  stm32f10x_usart.o
    0x08001b4a   0x08001b4a   0x00000002   PAD
    0x08001b4c   0x08001b4c   0x00000030   Code   RO         4195    i.__0snprintf       mc_w.l(printfa.o)
    0x08001b7c   0x08001b7c   0x00000008   Code   RO         4255    i.__aeabi_errno_addr  mc_w.l(errno.o)
    0x08001b84   0x08001b84   0x0000000e   Code   RO         4332    i.__scatterload_copy  mc_w.l(handlers.o)
    0x08001b92   0x08001b92   0x00000002   Code   RO         4333    i.__scatterload_null  mc_w.l(handlers.o)
    0x08001b94   0x08001b94   0x0000000e   Code   RO         4334    i.__scatterload_zeroinit  mc_w.l(handlers.o)
    0x08001ba2   0x08001ba2   0x00000002   PAD
    0x08001ba4   0x08001ba4   0x00000184   Code   RO         4201    i._fp_digits        mc_w.l(printfa.o)
    0x08001d28   0x08001d28   0x000006dc   Code   RO         4202    i._printf_core      mc_w.l(printfa.o)
    0x08002404   0x08002404   0x00000024   Code   RO         4203    i._printf_post_padding  mc_w.l(printfa.o)
    0x08002428   0x08002428   0x0000002e   Code   RO         4204    i._printf_pre_padding  mc_w.l(printfa.o)
    0x08002456   0x08002456   0x00000016   Code   RO         4205    i._snputc           mc_w.l(printfa.o)
    0x0800246c   0x0800246c   0x00000080   Code   RO          159    i.board_lowlevel_init  board.o
    0x080024ec   0x080024ec   0x00000094   Code   RO          348    i.date_to_ts        rtc.o
    0x08002580   0x08002580   0x0000005c   Code   RO          349    i.date_validate     rtc.o
    0x080025dc   0x080025dc   0x00000018   Code   RO          171    i.delay_ms          delay.o
    0x080025f4   0x080025f4   0x00000040   Code   RO          172    i.delay_us          delay.o
    0x08002634   0x08002634   0x0000009c   Code   RO          531    i.esp_usart_init    esp_usart.o
    0x080026d0   0x080026d0   0x0000000c   Code   RO          532    i.esp_usart_receive_register  esp_usart.o
    0x080026dc   0x080026dc   0x0000000a   Code   RO          800    i.i2c_delay         swi2c.o
    0x080026e6   0x080026e6   0x00000002   PAD
    0x080026e8   0x080026e8   0x0000003c   Code   RO          801    i.i2c_io_init       swi2c.o
    0x08002724   0x08002724   0x00000084   Code   RO          802    i.i2c_read_byte     swi2c.o
    0x080027a8   0x080027a8   0x00000030   Code   RO          803    i.i2c_start         swi2c.o
    0x080027d8   0x080027d8   0x0000002c   Code   RO          804    i.i2c_stop          swi2c.o
    0x08002804   0x08002804   0x00000088   Code   RO          805    i.i2c_write_byte    swi2c.o
    0x0800288c   0x0800288c   0x00000050   Code   RO          569    i.lcd_spi_gpio_init  lcd_spi.o
    0x080028dc   0x080028dc   0x00000010   Code   RO          570    i.lcd_spi_init      lcd_spi.o
    0x080028ec   0x080028ec   0x0000005c   Code   RO          571    i.lcd_spi_lowlevel_init  lcd_spi.o
    0x08002948   0x08002948   0x00000022   Code   RO          572    i.lcd_spi_nvic_init  lcd_spi.o
    0x0800296a   0x0800296a   0x00000002   PAD
    0x0800296c   0x0800296c   0x0000000c   Code   RO          573    i.lcd_spi_send_finish_register  lcd_spi.o
    0x08002978   0x08002978   0x0000003c   Code   RO          574    i.lcd_spi_write     lcd_spi.o
    0x080029b4   0x080029b4   0x0000005c   Code   RO          575    i.lcd_spi_write_async  lcd_spi.o
    0x08002a10   0x08002a10   0x0000002c   Code   RO          310    i.led_init          led.o
    0x08002a3c   0x08002a3c   0x00000364   Code   RO            1    i.main              main.o
    0x08002da0   0x08002da0   0x00000068   Code   RO          763    i.mpu6050_init      mpu6050.o
    0x08002e08   0x08002e08   0x0000003c   Code   RO          766    i.mpu6050_read_temper  mpu6050.o
    0x08002e44   0x08002e44   0x00000170   Code   RO            2    i.on_serial_receive  main.o
    0x08002fb4   0x08002fb4   0x00000016   Code   RO          350    i.rtc_get_date      rtc.o
    0x08002fca   0x08002fca   0x00000058   Code   RO          352    i.rtc_init          rtc.o
    0x08003022   0x08003022   0x00000028   Code   RO          353    i.rtc_set_date      rtc.o
    0x0800304a   0x0800304a   0x00000014   Code   RO          354    i.rtc_set_timestamp  rtc.o
    0x0800305e   0x0800305e   0x00000002   PAD
    0x08003060   0x08003060   0x0000000c   Code   RO          624    i.spi_on_async_finish  st7735.o
    0x0800306c   0x0800306c   0x00000014   Code   RO          626    i.st7735_bl_on      st7735.o
    0x08003080   0x08003080   0x00000068   Code   RO          627    i.st7735_draw_image  st7735.o
    0x080030e8   0x080030e8   0x00000040   Code   RO          629    i.st7735_exec_cmds  st7735.o
    0x08003128   0x08003128   0x000000cc   Code   RO          630    i.st7735_fill_rect  st7735.o
    0x080031f4   0x080031f4   0x00000014   Code   RO          631    i.st7735_fill_screen  st7735.o
    0x08003208   0x08003208   0x00000038   Code   RO          632    i.st7735_find_font  st7735.o
    0x08003240   0x08003240   0x00000030   Code   RO          633    i.st7735_init       st7735.o
    0x08003270   0x08003270   0x0000007c   Code   RO          634    i.st7735_pin_init   st7735.o
    0x080032ec   0x080032ec   0x00000028   Code   RO          635    i.st7735_reset      st7735.o
    0x08003314   0x08003314   0x00000014   Code   RO          636    i.st7735_select     st7735.o
    0x08003328   0x08003328   0x00000052   Code   RO          637    i.st7735_set_window  st7735.o
    0x0800337a   0x0800337a   0x00000002   PAD
    0x0800337c   0x0800337c   0x00000014   Code   RO          638    i.st7735_unselect   st7735.o
    0x08003390   0x08003390   0x000000b8   Code   RO          639    i.st7735_write_char  st7735.o
    0x08003448   0x08003448   0x0000001c   Code   RO          640    i.st7735_write_cmd  st7735.o
    0x08003464   0x08003464   0x00000034   Code   RO          641    i.st7735_write_data  st7735.o
    0x08003498   0x08003498   0x0000005c   Code   RO          644    i.st7735_write_string  st7735.o
    0x080034f4   0x080034f4   0x00000008   Code   RO          806    i.swi2c_init        swi2c.o
    0x080034fc   0x080034fc   0x00000064   Code   RO          807    i.swi2c_read        swi2c.o
    0x08003560   0x08003560   0x00000044   Code   RO          808    i.swi2c_write       swi2c.o
    0x080035a4   0x080035a4   0x00000024   Code   RO            3    i.timer_elapsed_callback  main.o
    0x080035c8   0x080035c8   0x0000000c   Code   RO          403    i.timer_elapsed_register  timer.o
    0x080035d4   0x080035d4   0x00000050   Code   RO          404    i.timer_init        timer.o
    0x08003624   0x08003624   0x0000000c   Code   RO          405    i.timer_start       timer.o
    0x08003630   0x08003630   0x000000e8   Code   RO          355    i.ts_to_date        rtc.o
    0x08003718   0x08003718   0x000000a0   Code   RO          189    i.weather_parse     weather.o
    0x080037b8   0x080037b8   0x0000030c   Data   RO          204    .constdata          font_temper_32.o
    0x08003ac4   0x08003ac4   0x000006cc   Data   RO          218    .constdata          font_time_48.o
    0x08004190   0x08004190   0x00001208   Data   RO          232    .constdata          icon_weather_duoyun.o
    0x08005398   0x08005398   0x00001208   Data   RO          245    .constdata          icon_weather_feng.o
    0x080065a0   0x080065a0   0x00001208   Data   RO          258    .constdata          icon_weather_qing.o
    0x080077a8   0x080077a8   0x00001208   Data   RO          271    .constdata          icon_weather_xue.o
    0x080089b0   0x080089b0   0x00001208   Data   RO          284    .constdata          icon_weather_yin.o
    0x08009bb8   0x08009bb8   0x00001208   Data   RO          297    .constdata          icon_weather_yu.o
    0x0800adc0   0x0800adc0   0x00000030   Data   RO          356    .constdata          rtc.o
    0x0800adf0   0x0800adf0   0x0000006d   Data   RO          646    .constdata          st7735.o
    0x0800ae5d   0x0800ae5d   0x0000064f   Data   RO          749    .constdata          stfonts.o
    0x0800b4ac   0x0800b4ac   0x00000081   Data   RO         4294    .constdata          mc_w.l(ctype_o.o)
    0x0800b52d   0x0800b52d   0x00000003   PAD
    0x0800b530   0x0800b530   0x00000004   Data   RO         4295    .constdata          mc_w.l(ctype_o.o)
    0x0800b534   0x0800b534   0x00000020   Data   RO         4330    Region$$Table       anon$$obj.o


    Execution Region RW_IRAM1 (Exec base: 0x20000000, Load base: 0x0800b554, Size: 0x00001708, Max: 0x00005000, ABSOLUTE)

    Exec Addr    Load Addr    Size         Type   Attr      Idx    E Section Name        Object

    0x20000000   0x0800b554   0x00000014   Data   RW            5    .data               main.o
    0x20000014   0x0800b568   0x0000000c   Data   RW          205    .data               font_temper_32.o
    0x20000020   0x0800b574   0x0000000c   Data   RW          219    .data               font_time_48.o
    0x2000002c   0x0800b580   0x00000004   Data   RW          407    .data               timer.o
    0x20000030   0x0800b584   0x00000004   Data   RW          535    .data               esp_usart.o
    0x20000034   0x0800b588   0x00000004   Data   RW          576    .data               lcd_spi.o
    0x20000038   0x0800b58c   0x00000001   Data   RW          647    .data               st7735.o
    0x20000039   0x0800b58d   0x00000003   PAD
    0x2000003c   0x0800b590   0x0000000c   Data   RW          750    .data               stfonts.o
    0x20000048   0x0800b59c   0x00000003   Data   RW          864    .data               serial.o
    0x2000004b   0x0800b59f   0x00000001   PAD
    0x2000004c   0x0800b5a0   0x00000014   Data   RW          947    .data               system_stm32f10x.o
    0x20000060   0x0800b5b4   0x00000014   Data   RW         2574    .data               stm32f10x_rcc.o
    0x20000074   0x0800b5c8   0x00000004   Data   RW         4258    .data               mc_w.l(errno.o)
    0x20000078        -       0x00000228   Zero   RW            4    .bss                main.o
    0x200002a0        -       0x00001000   Zero   RW          645    .bss                st7735.o
    0x200012a0        -       0x00000064   Zero   RW          863    .bss                serial.o
    0x20001304   0x0800b5cc   0x00000004   PAD
    0x20001308        -       0x00000400   Zero   RW          925    STACK               startup_stm32f10x_md.o


==============================================================================

Image component sizes


      Code (inc. data)   RO Data    RW Data    ZI Data      Debug   Object Name

       128          0          0          0          0        626   board.o
        88         10          0          0          0       1066   delay.o
       220         24          0          4          0       2198   esp_usart.o
         0          0        780         12          0       1502   font_temper_32.o
         0          0       1740         12          0       1498   font_time_48.o
         0          0       4616          0          0       1638   icon_weather_duoyun.o
         0          0       4616          0          0       1630   icon_weather_feng.o
         0          0       4616          0          0       1630   icon_weather_qing.o
         0          0       4616          0          0       1626   icon_weather_xue.o
         0          0       4616          0          0       1626   icon_weather_yin.o
         0          0       4616          0          0       1622   icon_weather_yu.o
       446         40          0          4          0       6175   lcd_spi.o
        44          4          0          0          0        535   led.o
      1272        308          0         20        552     277271   main.o
       112         12          0          0          0       1276   misc.o
       164          8          0          0          0       1297   mpu6050.o
       642         10         48          0          0       5315   rtc.o
       160         20          0          3        100       2228   serial.o
      1170         68        109          1       4096      13486   st7735.o
        36          8        236          0       1024        904   startup_stm32f10x_md.o
         0          0       1615         12          0       1510   stfonts.o
        16          0          0          0          0        549   stm32f10x_bkp.o
       506         26          0          0          0       5727   stm32f10x_dma.o
       314          0          0          0          0       4760   stm32f10x_gpio.o
        12          6          0          0          0        578   stm32f10x_pwr.o
       472         70          0         20          0       9135   stm32f10x_rcc.o
       200         36          0          0          0       4131   stm32f10x_rtc.o
       124          0          0          0          0       4401   stm32f10x_spi.o
       246         42          0          0          0       4070   stm32f10x_tim.o
       438          6          0          0          0       6220   stm32f10x_usart.o
       606         22          0          0          0       6648   swi2c.o
       328         28          0         20          0       2781   system_stm32f10x.o
       144         12          0          4          0       2506   timer.o
       160         28          0          0          0       1848   weather.o

    ----------------------------------------------------------------------
      8060        788      32256        116       5776     380013   Object Totals
         0          0         32          0          0          0   (incl. Generated)
        12          0          0          4          4          0   (incl. Padding)

    ----------------------------------------------------------------------

      Code (inc. data)   RO Data    RW Data    ZI Data      Debug   Library Member Name

        56          8          0          0          0         84   __0sscanf.o
        28          0          0          0          0         68   _chval.o
       812          4          0          0          0        112   _scanf.o
       332          0          0          0          0         96   _scanf_int.o
        64          0          0          0          0         84   _sgetc.o
       158          0          0          0          0         92   _strtoul.o
        26          0          0          0          0         80   atoi.o
         8          4        133          0          0         68   ctype_o.o
         0          0          0          0          0          0   entry.o
         0          0          0          0          0          0   entry10a.o
         0          0          0          0          0          0   entry11a.o
         8          4          0          0          0          0   entry2.o
         4          0          0          0          0          0   entry5.o
         0          0          0          0          0          0   entry7b.o
         0          0          0          0          0          0   entry8b.o
         8          4          0          0          0          0   entry9a.o
         8          4          0          4          0         68   errno.o
        30          0          0          0          0          0   handlers.o
        36          8          0          0          0         68   init.o
        18          0          0          0          0         76   isspace_o.o
         0          0          0          0          0          0   iusefp.o
        30          0          0          0          0         68   llshl.o
        36          0          0          0          0         68   llsshr.o
        32          0          0          0          0         68   llushr.o
        36          0          0          0          0         68   memcpya.o
      2296         84          0          0          0        520   printfa.o
        40          8          0          0          0         84   scanf_char.o
        20          0          0          0          0         68   strchr.o
        28          0          0          0          0         76   strcmp.o
        24          0          0          0          0         76   strncpy.o
        36          0          0          0          0         80   strstr.o
       112          0          0          0          0         88   strtol.o
        44          0          0          0          0         80   uidiv.o
        98          0          0          0          0         92   uldiv.o
        48          0          0          0          0         68   cdrcmple.o
       334          0          0          0          0        148   dadd.o
       222          0          0          0          0        100   ddiv.o
       186          0          0          0          0        176   depilogue.o
        48          0          0          0          0         68   dfixul.o
       228          0          0          0          0         96   dmul.o
        38          0          0          0          0         68   f2d.o
       176          0          0          0          0        140   fadd.o
       124          0          0          0          0         88   fdiv.o
       110          0          0          0          0        168   fepilogue.o
        18          0          0          0          0         68   fflti.o

    ----------------------------------------------------------------------
      5968        128        136          4          0       3520   Library Totals
         8          0          3          0          0          0   (incl. Padding)

    ----------------------------------------------------------------------

      Code (inc. data)   RO Data    RW Data    ZI Data      Debug   Library Name

      4428        128        133          4          0       2332   mc_w.l
      1532          0          0          0          0       1188   mf_w.l

    ----------------------------------------------------------------------
      5968        128        136          4          0       3520   Library Totals

    ----------------------------------------------------------------------

==============================================================================


      Code (inc. data)   RO Data    RW Data    ZI Data      Debug   

     14028        916      32392        120       5776     376301   Grand Totals
     14028        916      32392        120       5776     376301   ELF Image Totals
     14028        916      32392        120          0          0   ROM Totals

==============================================================================

    Total RO  Size (Code + RO Data)                46420 (  45.33kB)
    Total RW  Size (RW Data + ZI Data)              5896 (   5.76kB)
    Total ROM Size (Code + RO Data + RW Data)      46540 (  45.45kB)

==============================================================================

